../Core/Src/usart.c:39:6:MX_USART2_UART_Init	8	static
../Core/Src/usart.c:68:6:MX_USART3_UART_Init	8	static
../Core/Src/usart.c:96:6:HAL_UART_MspInit	56	static
../Core/Src/usart.c:156:6:HAL_UART_MspDeInit	16	static
../Core/Src/usart.c:202:6:queData_Init	16	static
../Core/Src/usart.c:210:6:push	16	static
../Core/Src/usart.c:219:9:pop	24	static
../Core/Src/usart.c:231:9:isEmpty	16	static
../Core/Src/usart.c:237:6:Serial3_Send	16	static
../Core/Src/usart.c:242:6:Serial3_Send_String	16	static
../Core/Src/usart.c:251:6:Serial2_Send	16	static
../Core/Src/usart.c:256:6:Serial2_Send_String	16	static
