Archive member included to satisfy reference by file (symbol)

c:/st/stm32cubeide_1.9.0/stm32cubeide/plugins/com.st.stm32cube.ide.mcu.externaltools.gnu-tools-for-stm32.10.3-2021.10.win32_1.0.200.202301161003/tools/bin/../lib/gcc/arm-none-eabi/10.3.1/../../../../arm-none-eabi/lib/thumb/v7e-m+fp/hard\libc_nano.a(lib_a-errno.o)
                              ./Core/Src/syscalls.o (__errno)
c:/st/stm32cubeide_1.9.0/stm32cubeide/plugins/com.st.stm32cube.ide.mcu.externaltools.gnu-tools-for-stm32.10.3-2021.10.win32_1.0.200.202301161003/tools/bin/../lib/gcc/arm-none-eabi/10.3.1/../../../../arm-none-eabi/lib/thumb/v7e-m+fp/hard\libc_nano.a(lib_a-exit.o)
                              c:/st/stm32cubeide_1.9.0/stm32cubeide/plugins/com.st.stm32cube.ide.mcu.externaltools.gnu-tools-for-stm32.10.3-2021.10.win32_1.0.200.202301161003/tools/bin/../lib/gcc/arm-none-eabi/10.3.1/../../../../arm-none-eabi/lib/thumb/v7e-m+fp/hard/crt0.o (exit)
c:/st/stm32cubeide_1.9.0/stm32cubeide/plugins/com.st.stm32cube.ide.mcu.externaltools.gnu-tools-for-stm32.10.3-2021.10.win32_1.0.200.202301161003/tools/bin/../lib/gcc/arm-none-eabi/10.3.1/../../../../arm-none-eabi/lib/thumb/v7e-m+fp/hard\libc_nano.a(lib_a-impure.o)
                              c:/st/stm32cubeide_1.9.0/stm32cubeide/plugins/com.st.stm32cube.ide.mcu.externaltools.gnu-tools-for-stm32.10.3-2021.10.win32_1.0.200.202301161003/tools/bin/../lib/gcc/arm-none-eabi/10.3.1/../../../../arm-none-eabi/lib/thumb/v7e-m+fp/hard\libc_nano.a(lib_a-exit.o) (_global_impure_ptr)
c:/st/stm32cubeide_1.9.0/stm32cubeide/plugins/com.st.stm32cube.ide.mcu.externaltools.gnu-tools-for-stm32.10.3-2021.10.win32_1.0.200.202301161003/tools/bin/../lib/gcc/arm-none-eabi/10.3.1/../../../../arm-none-eabi/lib/thumb/v7e-m+fp/hard\libc_nano.a(lib_a-init.o)
                              c:/st/stm32cubeide_1.9.0/stm32cubeide/plugins/com.st.stm32cube.ide.mcu.externaltools.gnu-tools-for-stm32.10.3-2021.10.win32_1.0.200.202301161003/tools/bin/../lib/gcc/arm-none-eabi/10.3.1/../../../../arm-none-eabi/lib/thumb/v7e-m+fp/hard/crt0.o (__libc_init_array)
c:/st/stm32cubeide_1.9.0/stm32cubeide/plugins/com.st.stm32cube.ide.mcu.externaltools.gnu-tools-for-stm32.10.3-2021.10.win32_1.0.200.202301161003/tools/bin/../lib/gcc/arm-none-eabi/10.3.1/../../../../arm-none-eabi/lib/thumb/v7e-m+fp/hard\libc_nano.a(lib_a-memset.o)
                              c:/st/stm32cubeide_1.9.0/stm32cubeide/plugins/com.st.stm32cube.ide.mcu.externaltools.gnu-tools-for-stm32.10.3-2021.10.win32_1.0.200.202301161003/tools/bin/../lib/gcc/arm-none-eabi/10.3.1/../../../../arm-none-eabi/lib/thumb/v7e-m+fp/hard/crt0.o (memset)
c:/st/stm32cubeide_1.9.0/stm32cubeide/plugins/com.st.stm32cube.ide.mcu.externaltools.gnu-tools-for-stm32.10.3-2021.10.win32_1.0.200.202301161003/tools/bin/../lib/gcc/arm-none-eabi/10.3.1/../../../../arm-none-eabi/lib/thumb/v7e-m+fp/hard\libc_nano.a(lib_a-sprintf.o)
                              ./Core/Src/main.o (sprintf)
c:/st/stm32cubeide_1.9.0/stm32cubeide/plugins/com.st.stm32cube.ide.mcu.externaltools.gnu-tools-for-stm32.10.3-2021.10.win32_1.0.200.202301161003/tools/bin/../lib/gcc/arm-none-eabi/10.3.1/../../../../arm-none-eabi/lib/thumb/v7e-m+fp/hard\libc_nano.a(lib_a-strncpy.o)
                              ./Core/Src/main.o (strncpy)
c:/st/stm32cubeide_1.9.0/stm32cubeide/plugins/com.st.stm32cube.ide.mcu.externaltools.gnu-tools-for-stm32.10.3-2021.10.win32_1.0.200.202301161003/tools/bin/../lib/gcc/arm-none-eabi/10.3.1/../../../../arm-none-eabi/lib/thumb/v7e-m+fp/hard\libc_nano.a(lib_a-nano-svfprintf.o)
                              c:/st/stm32cubeide_1.9.0/stm32cubeide/plugins/com.st.stm32cube.ide.mcu.externaltools.gnu-tools-for-stm32.10.3-2021.10.win32_1.0.200.202301161003/tools/bin/../lib/gcc/arm-none-eabi/10.3.1/../../../../arm-none-eabi/lib/thumb/v7e-m+fp/hard\libc_nano.a(lib_a-sprintf.o) (_svfprintf_r)
c:/st/stm32cubeide_1.9.0/stm32cubeide/plugins/com.st.stm32cube.ide.mcu.externaltools.gnu-tools-for-stm32.10.3-2021.10.win32_1.0.200.202301161003/tools/bin/../lib/gcc/arm-none-eabi/10.3.1/../../../../arm-none-eabi/lib/thumb/v7e-m+fp/hard\libc_nano.a(lib_a-nano-vfprintf_i.o)
                              c:/st/stm32cubeide_1.9.0/stm32cubeide/plugins/com.st.stm32cube.ide.mcu.externaltools.gnu-tools-for-stm32.10.3-2021.10.win32_1.0.200.202301161003/tools/bin/../lib/gcc/arm-none-eabi/10.3.1/../../../../arm-none-eabi/lib/thumb/v7e-m+fp/hard\libc_nano.a(lib_a-nano-svfprintf.o) (_printf_i)
c:/st/stm32cubeide_1.9.0/stm32cubeide/plugins/com.st.stm32cube.ide.mcu.externaltools.gnu-tools-for-stm32.10.3-2021.10.win32_1.0.200.202301161003/tools/bin/../lib/gcc/arm-none-eabi/10.3.1/../../../../arm-none-eabi/lib/thumb/v7e-m+fp/hard\libc_nano.a(lib_a-memchr.o)
[...]
Memory Configuration

Name             Origin             Length             Attributes
CCMRAM           0x0000000010000000 0x0000000000010000 xrw
RAM              0x0000000020000000 0x0000000000030000 xrw
FLASH            0x0000000008000000 0x0000000000200000 xr
*default*        0x0000000000000000 0xffffffffffffffff

Linker script and memory map

LOAD c:/st/stm32cubeide_1.9.0/stm32cubeide/plugins/com.st.stm32cube.ide.mcu.externaltools.gnu-tools-for-stm32.10.3-2021.10.win32_1.0.200.202301161003/tools/bin/../lib/gcc/arm-none-eabi/10.3.1/thumb/v7e-m+fp/hard/crti.o
LOAD c:/st/stm32cubeide_1.9.0/stm32cubeide/plugins/com.st.stm32cube.ide.mcu.externaltools.gnu-tools-for-stm32.10.3-2021.10.win32_1.0.200.202301161003/tools/bin/../lib/gcc/arm-none-eabi/10.3.1/thumb/v7e-m+fp/hard/crtbegin.o
LOAD c:/st/stm32cubeide_1.9.0/stm32cubeide/plugins/com.st.stm32cube.ide.mcu.externaltools.gnu-tools-for-stm32.10.3-2021.10.win32_1.0.200.202301161003/tools/bin/../lib/gcc/arm-none-eabi/10.3.1/../../../../arm-none-eabi/lib/thumb/v7e-m+fp/hard/crt0.o
LOAD ./Core/Src/gpio.o
LOAD ./Core/Src/main.o
LOAD ./Core/Src/rtc.o
LOAD ./Core/Src/stm32f4xx_hal_msp.o
LOAD ./Core/Src/stm32f4xx_it.o
LOAD ./Core/Src/syscalls.o
LOAD ./Core/Src/sysmem.o
LOAD ./Core/Src/system_stm32f4xx.o
LOAD ./Core/Src/usart.o
LOAD ./Core/Startup/startup_stm32f429zitx.o
LOAD ./Drivers/STM32F4xx_HAL_Driver/Src/stm32f4xx_hal.o
LOAD ./Drivers/STM32F4xx_HAL_Driver/Src/stm32f4xx_hal_cortex.o
LOAD ./Drivers/STM32F4xx_HAL_Driver/Src/stm32f4xx_hal_dma.o
LOAD ./Drivers/STM32F4xx_HAL_Driver/Src/stm32f4xx_hal_dma_ex.o
LOAD ./Drivers/STM32F4xx_HAL_Driver/Src/stm32f4xx_hal_exti.o
LOAD ./Drivers/STM32F4xx_HAL_Driver/Src/stm32f4xx_hal_flash.o
LOAD ./Drivers/STM32F4xx_HAL_Driver/Src/stm32f4xx_hal_flash_ex.o
LOAD ./Drivers/STM32F4xx_HAL_Driver/Src/stm32f4xx_hal_flash_ramfunc.o
LOAD ./Drivers/STM32F4xx_HAL_Driver/Src/stm32f4xx_hal_gpio.o
LOAD ./Drivers/STM32F4xx_HAL_Driver/Src/stm32f4xx_hal_pwr.o
LOAD ./Drivers/STM32F4xx_HAL_Driver/Src/stm32f4xx_hal_pwr_ex.o
LOAD ./Drivers/STM32F4xx_HAL_Driver/Src/stm32f4xx_hal_rcc.o
LOAD ./Drivers/STM32F4xx_HAL_Driver/Src/stm32f4xx_hal_rcc_ex.o
LOAD ./Drivers/STM32F4xx_HAL_Driver/Src/stm32f4xx_hal_rtc.o
LOAD ./Drivers/STM32F4xx_HAL_Driver/Src/stm32f4xx_hal_rtc_ex.o
LOAD ./Drivers/STM32F4xx_HAL_Driver/Src/stm32f4xx_hal_tim.o
LOAD ./Drivers/STM32F4xx_HAL_Driver/Src/stm32f4xx_hal_tim_ex.o
LOAD ./Drivers/STM32F4xx_HAL_Driver/Src/stm32f4xx_hal_uart.o
START GROUP
LOAD c:/st/stm32cubeide_1.9.0/stm32cubeide/plugins/com.st.stm32cube.ide.mcu.externaltools.gnu-tools-for-stm32.10.3-2021.10.win32_1.0.200.202301161003/tools/bin/../lib/gcc/arm-none-eabi/10.3.1/../../../../arm-none-eabi/lib/thumb/v7e-m+fp/hard\libc_nano.a
LOAD c:/st/stm32cubeide_1.9.0/stm32cubeide/plugins/com.st.stm32cube.ide.mcu.externaltools.gnu-tools-for-stm32.10.3-2021.10.win32_1.0.200.202301161003/tools/bin/../lib/gcc/arm-none-eabi/10.3.1/../../../../arm-none-eabi/lib/thumb/v7e-m+fp/hard\libm.a
END GROUP
START GROUP
LOAD c:/st/stm32cubeide_1.9.0/stm32cubeide/plugins/com.st.stm32cube.ide.mcu.externaltools.gnu-tools-for-stm32.10.3-2021.10.win32_1.0.200.202301161003/tools/bin/../lib/gcc/arm-none-eabi/10.3.1/thumb/v7e-m+fp/hard\libgcc.a
LOAD c:/st/stm32cubeide_1.9.0/stm32cubeide/plugins/com.st.stm32cube.ide.mcu.externaltools.gnu-tools-for-stm32.10.3-2021.10.win32_1.0.200.202301161003/tools/bin/../lib/gcc/arm-none-eabi/10.3.1/../../../../arm-none-eabi/lib/thumb/v7e-m+fp/hard\libc_nano.a
END GROUP
START GROUP
LOAD c:/st/stm32cubeide_1.9.0/stm32cubeide/plugins/com.st.stm32cube.ide.mcu.externaltools.gnu-tools-for-stm32.10.3-2021.10.win32_1.0.200.202301161003/tools/bin/../lib/gcc/arm-none-eabi/10.3.1/thumb/v7e-m+fp/hard\libgcc.a
LOAD c:/st/stm32cubeide_1.9.0/stm32cubeide/plugins/com.st.stm32cube.ide.mcu.externaltools.gnu-tools-for-stm32.10.3-2021.10.win32_1.0.200.202301161003/tools/bin/../lib/gcc/arm-none-eabi/10.3.1/../../../../arm-none-eabi/lib/thumb/v7e-m+fp/hard\libc_nano.a
LOAD c:/st/stm32cubeide_1.9.0/stm32cubeide/plugins/com.st.stm32cube.ide.mcu.externaltools.gnu-tools-for-stm32.10.3-2021.10.win32_1.0.200.202301161003/tools/bin/../lib/gcc/arm-none-eabi/10.3.1/../../../../arm-none-eabi/lib/thumb/v7e-m+fp/hard\libnosys.a
END GROUP
START GROUP
LOAD c:/st/stm32cubeide_1.9.0/stm32cubeide/plugins/com.st.stm32cube.ide.mcu.externaltools.gnu-tools-for-stm32.10.3-2021.10.win32_1.0.200.202301161003/tools/bin/../lib/gcc/arm-none-eabi/10.3.1/thumb/v7e-m+fp/hard\libgcc.a
LOAD c:/st/stm32cubeide_1.9.0/stm32cubeide/plugins/com.st.stm32cube.ide.mcu.externaltools.gnu-tools-for-stm32.10.3-2021.10.win32_1.0.200.202301161003/tools/bin/../lib/gcc/arm-none-eabi/10.3.1/../../../../arm-none-eabi/lib/thumb/v7e-m+fp/hard\libc_nano.a
LOAD c:/st/stm32cubeide_1.9.0/stm32cubeide/plugins/com.st.stm32cube.ide.mcu.externaltools.gnu-tools-for-stm32.10.3-2021.10.win32_1.0.200.202301161003/tools/bin/../lib/gcc/arm-none-eabi/10.3.1/../../../../arm-none-eabi/lib/thumb/v7e-m+fp/hard\libnosys.a
END GROUP
LOAD c:/st/stm32cubeide_1.9.0/stm32cubeide/plugins/com.st.stm32cube.ide.mcu.externaltools.gnu-tools-for-stm32.10.3-2021.10.win32_1.0.200.202301161003/tools/bin/../lib/gcc/arm-none-eabi/10.3.1/thumb/v7e-m+fp/hard/crtend.o
LOAD c:/st/stm32cubeide_1.9.0/stm32cubeide/plugins/com.st.stm32cube.ide.mcu.externaltools.gnu-tools-for-stm32.10.3-2021.10.win32_1.0.200.202301161003/tools/bin/../lib/gcc/arm-none-eabi/10.3.1/thumb/v7e-m+fp/hard/crtn.o
                0x0000000020030000                _estack = (ORIGIN (RAM) + LENGTH (RAM))
                0x0000000000000200                _Min_Heap_Size = 0x200
                0x0000000000000400                _Min_Stack_Size = 0x400

.isr_vector     0x0000000008000000      0x1ac
                0x0000000008000000                . = ALIGN (0x4)
 *(.isr_vector)
 .isr_vector    0x0000000008000000      0x1ac ./Core/Startup/startup_stm32f429zitx.o
                0x0000000008000000                g_pfnVectors
                0x00000000080001ac                . = ALIGN (0x4)

.text           0x00000000080001b0     0x3eec
                0x00000000080001b0                . = ALIGN (0x4)
 *(.text)
 .text          0x00000000080001b0       0x40 c:/st/stm32cubeide_1.9.0/stm32cubeide/plugins/com.st.stm32cube.ide.mcu.externaltools.gnu-tools-for-stm32.10.3-2021.10.win32_1.0.200.202301161003/tools/bin/../lib/gcc/arm-none-eabi/10.3.1/thumb/v7e-m+fp/hard/crtbegin.o
 .text          0x00000000080001f0       0xa0 c:/st/stm32cubeide_1.9.0/stm32cubeide/plugins/com.st.stm32cube.ide.mcu.externaltools.gnu-tools-for-stm32.10.3-2021.10.win32_1.0.200.202301161003/tools/bin/../lib/gcc/arm-none-eabi/10.3.1/../../../../arm-none-eabi/lib/thumb/v7e-m+fp/hard\libc_nano.a(lib_a-memchr.o)
                0x00000000080001f0                memchr
 .text          0x0000000008000290       0x30 c:/st/stm32cubeide_1.9.0/stm32cubeide/plugins/com.st.stm32cube.ide.mcu.externaltools.gnu-tools-for-stm32.10.3-2021.10.win32_1.0.200.202301161003/tools/bin/../lib/gcc/arm-none-eabi/10.3.1/thumb/v7e-m+fp/hard\libgcc.a(_aeabi_uldivmod.o)
                0x0000000008000290                __aeabi_uldivmod
 .text          0x00000000080002c0      0x2d0 c:/st/stm32cubeide_1.9.0/stm32cubeide/plugins/com.st.stm32cube.ide.mcu.externaltools.gnu-tools-for-stm32.10.3-2021.10.win32_1.0.200.202301161003/tools/bin/../lib/gcc/arm-none-eabi/10.3.1/thumb/v7e-m+fp/hard\libgcc.a(_udivmoddi4.o)
                0x00000000080002c0                __udivmoddi4
 .text          0x0000000008000590        0x4 c:/st/stm32cubeide_1.9.0/stm32cubeide/plugins/com.st.stm32cube.ide.mcu.externaltools.gnu-tools-for-stm32.10.3-2021.10.win32_1.0.200.202301161003/tools/bin/../lib/gcc/arm-none-eabi/10.3.1/thumb/v7e-m+fp/hard\libgcc.a(_dvmd_tls.o)
                0x0000000008000590                __aeabi_idiv0
                0x0000000008000590                __aeabi_ldiv0
 *(.text*)
 .text.MX_GPIO_Init
                0x0000000008000594      0x220 ./Core/Src/gpio.o
                0x0000000008000594                MX_GPIO_Init
 .text.Serial3_Send
                0x00000000080007b4       0x24 ./Core/Src/main.o
                0x00000000080007b4                Serial3_Send
 .text.Serial3_Send_String
                0x00000000080007d8       0x2c ./Core/Src/main.o
                0x00000000080007d8                Serial3_Send_String
 .text.Serial2_Send
                0x0000000008000804       0x24 ./Core/Src/main.o
                0x0000000008000804                Serial2_Send
 .text.Serial2_Send_String
                0x0000000008000828       0x2c ./Core/Src/main.o
                0x0000000008000828                Serial2_Send_String
 .text.HAL_UART_RxCpltCallback
                0x0000000008000854       0xe0 ./Core/Src/main.o
                0x0000000008000854                HAL_UART_RxCpltCallback
 .text.main     0x0000000008000934      0x100 ./Core/Src/main.o
                0x0000000008000934                main
 .text.SystemClock_Config
                0x0000000008000a34       0xe4 ./Core/Src/main.o
                0x0000000008000a34                SystemClock_Config
 .text.Error_Handler
                0x0000000008000b18        0xa ./Core/Src/main.o
                0x0000000008000b18                Error_Handler
 *fill*         0x0000000008000b22        0x2 
 .text.MX_RTC_Init
                0x0000000008000b24       0x4c ./Core/Src/rtc.o
                0x0000000008000b24                MX_RTC_Init
 .text.HAL_RTC_MspInit
                0x0000000008000b70       0x54 ./Core/Src/rtc.o
                0x0000000008000b70                HAL_RTC_MspInit
 .text.HAL_MspInit
                0x0000000008000bc4       0x50 ./Core/Src/stm32f4xx_hal_msp.o
                0x0000000008000bc4                HAL_MspInit
 .text.NMI_Handler
                0x0000000008000c14        0x6 ./Core/Src/stm32f4xx_it.o
                0x0000000008000c14                NMI_Handler
 .text.HardFault_Handler
                0x0000000008000c1a        0x6 ./Core/Src/stm32f4xx_it.o
                0x0000000008000c1a                HardFault_Handler
 .text.MemManage_Handler
                0x0000000008000c20        0x6 ./Core/Src/stm32f4xx_it.o
                0x0000000008000c20                MemManage_Handler
 .text.BusFault_Handler
                0x0000000008000c26        0x6 ./Core/Src/stm32f4xx_it.o
                0x0000000008000c26                BusFault_Handler
 .text.UsageFault_Handler
                0x0000000008000c2c        0x6 ./Core/Src/stm32f4xx_it.o
                0x0000000008000c2c                UsageFault_Handler
 .text.SVC_Handler
                0x0000000008000c32        0xe ./Core/Src/stm32f4xx_it.o
                0x0000000008000c32                SVC_Handler
 .text.DebugMon_Handler
                0x0000000008000c40        0xe ./Core/Src/stm32f4xx_it.o
                0x0000000008000c40                DebugMon_Handler
 .text.PendSV_Handler
                0x0000000008000c4e        0xe ./Core/Src/stm32f4xx_it.o
                0x0000000008000c4e                PendSV_Handler
 .text.SysTick_Handler
                0x0000000008000c5c        0xc ./Core/Src/stm32f4xx_it.o
                0x0000000008000c5c                SysTick_Handler
 .text.USART2_IRQHandler
                0x0000000008000c68       0x14 ./Core/Src/stm32f4xx_it.o
                0x0000000008000c68                USART2_IRQHandler
 .text.USART3_IRQHandler
                0x0000000008000c7c       0x14 ./Core/Src/stm32f4xx_it.o
                0x0000000008000c7c                USART3_IRQHandler
 .text._sbrk    0x0000000008000c90       0x6c ./Core/Src/sysmem.o
                0x0000000008000c90                _sbrk
 .text.SystemInit
                0x0000000008000cfc       0x24 ./Core/Src/system_stm32f4xx.o
                0x0000000008000cfc                SystemInit
 .text.MX_USART2_UART_Init
                0x0000000008000d20       0x54 ./Core/Src/usart.o
                0x0000000008000d20                MX_USART2_UART_Init
 .text.MX_USART3_UART_Init
                0x0000000008000d74       0x54 ./Core/Src/usart.o
                0x0000000008000d74                MX_USART3_UART_Init
 .text.HAL_UART_MspInit
                0x0000000008000dc8      0x118 ./Core/Src/usart.o
                0x0000000008000dc8                HAL_UART_MspInit
 .text.Reset_Handler
                0x0000000008000ee0       0x50 ./Core/Startup/startup_stm32f429zitx.o
                0x0000000008000ee0                Reset_Handler
 .text.Default_Handler
                0x0000000008000f30        0x2 ./Core/Startup/startup_stm32f429zitx.o
                0x0000000008000f30                RTC_Alarm_IRQHandler
                0x0000000008000f30                HASH_RNG_IRQHandler
                0x0000000008000f30                EXTI2_IRQHandler
                0x0000000008000f30                TIM8_CC_IRQHandler
                0x0000000008000f30                UART8_IRQHandler
                0x0000000008000f30                SPI4_IRQHandler
                0x0000000008000f30                TIM1_CC_IRQHandler
                0x0000000008000f30                DMA2_Stream5_IRQHandler
                0x0000000008000f30                DMA1_Stream5_IRQHandler
                0x0000000008000f30                PVD_IRQHandler
                0x0000000008000f30                SDIO_IRQHandler
                0x0000000008000f30                TAMP_STAMP_IRQHandler
                0x0000000008000f30                CAN2_RX1_IRQHandler
                0x0000000008000f30                EXTI3_IRQHandler
                0x0000000008000f30                TIM8_TRG_COM_TIM14_IRQHandler
                0x0000000008000f30                TIM1_UP_TIM10_IRQHandler
                0x0000000008000f30                TIM8_UP_TIM13_IRQHandler
                0x0000000008000f30                I2C3_ER_IRQHandler
                0x0000000008000f30                EXTI0_IRQHandler
                0x0000000008000f30                I2C2_EV_IRQHandler
                0x0000000008000f30                DMA1_Stream2_IRQHandler
                0x0000000008000f30                CAN1_RX0_IRQHandler
                0x0000000008000f30                FPU_IRQHandler
                0x0000000008000f30                OTG_HS_WKUP_IRQHandler
                0x0000000008000f30                LTDC_ER_IRQHandler
                0x0000000008000f30                CAN2_SCE_IRQHandler
                0x0000000008000f30                DMA2_Stream2_IRQHandler
                0x0000000008000f30                SPI1_IRQHandler
                0x0000000008000f30                TIM6_DAC_IRQHandler
                0x0000000008000f30                TIM1_BRK_TIM9_IRQHandler
                0x0000000008000f30                DCMI_IRQHandler
                0x0000000008000f30                CAN2_RX0_IRQHandler
                0x0000000008000f30                DMA2_Stream3_IRQHandler
                0x0000000008000f30                USART6_IRQHandler
                0x0000000008000f30                CAN1_RX1_IRQHandler
                0x0000000008000f30                UART5_IRQHandler
                0x0000000008000f30                DMA2_Stream0_IRQHandler
                0x0000000008000f30                TIM4_IRQHandler
                0x0000000008000f30                I2C1_EV_IRQHandler
                0x0000000008000f30                DMA1_Stream6_IRQHandler
                0x0000000008000f30                DMA1_Stream1_IRQHandler
                0x0000000008000f30                UART4_IRQHandler
                0x0000000008000f30                TIM3_IRQHandler
                0x0000000008000f30                RCC_IRQHandler
                0x0000000008000f30                TIM8_BRK_TIM12_IRQHandler
                0x0000000008000f30                Default_Handler
                0x0000000008000f30                EXTI15_10_IRQHandler
                0x0000000008000f30                ADC_IRQHandler
                0x0000000008000f30                DMA1_Stream7_IRQHandler
                0x0000000008000f30                SPI5_IRQHandler
                0x0000000008000f30                TIM7_IRQHandler
                0x0000000008000f30                CAN2_TX_IRQHandler
                0x0000000008000f30                TIM5_IRQHandler
                0x0000000008000f30                DMA2_Stream7_IRQHandler
                0x0000000008000f30                I2C3_EV_IRQHandler
                0x0000000008000f30                EXTI9_5_IRQHandler
                0x0000000008000f30                RTC_WKUP_IRQHandler
                0x0000000008000f30                LTDC_IRQHandler
                0x0000000008000f30                ETH_WKUP_IRQHandler
                0x0000000008000f30                SPI2_IRQHandler
                0x0000000008000f30                OTG_HS_EP1_IN_IRQHandler
                0x0000000008000f30                DMA1_Stream0_IRQHandler
                0x0000000008000f30                CAN1_TX_IRQHandler
                0x0000000008000f30                EXTI4_IRQHandler
                0x0000000008000f30                ETH_IRQHandler
                0x0000000008000f30                OTG_HS_EP1_OUT_IRQHandler
                0x0000000008000f30                WWDG_IRQHandler
                0x0000000008000f30                SPI6_IRQHandler
                0x0000000008000f30                TIM2_IRQHandler
                0x0000000008000f30                OTG_FS_WKUP_IRQHandler
                0x0000000008000f30                TIM1_TRG_COM_TIM11_IRQHandler
                0x0000000008000f30                OTG_HS_IRQHandler
                0x0000000008000f30                DMA2D_IRQHandler
                0x0000000008000f30                EXTI1_IRQHandler
                0x0000000008000f30                UART7_IRQHandler
                0x0000000008000f30                I2C2_ER_IRQHandler
                0x0000000008000f30                DMA2_Stream1_IRQHandler
                0x0000000008000f30                CAN1_SCE_IRQHandler
                0x0000000008000f30                FLASH_IRQHandler
                0x0000000008000f30                DMA2_Stream4_IRQHandler
                0x0000000008000f30                USART1_IRQHandler
                0x0000000008000f30                OTG_FS_IRQHandler
                0x0000000008000f30                SPI3_IRQHandler
                0x0000000008000f30                DMA1_Stream4_IRQHandler
                0x0000000008000f30                I2C1_ER_IRQHandler
                0x0000000008000f30                FMC_IRQHandler
                0x0000000008000f30                DMA2_Stream6_IRQHandler
                0x0000000008000f30                SAI1_IRQHandler
                0x0000000008000f30                DMA1_Stream3_IRQHandler
 *fill*         0x0000000008000f32        0x2 
 .text.HAL_Init
                0x0000000008000f34       0x44 ./Drivers/STM32F4xx_HAL_Driver/Src/stm32f4xx_hal.o
                0x0000000008000f34                HAL_Init
 .text.HAL_InitTick
                0x0000000008000f78       0x60 ./Drivers/STM32F4xx_HAL_Driver/Src/stm32f4xx_hal.o
                0x0000000008000f78                HAL_InitTick
 .text.HAL_IncTick
                0x0000000008000fd8       0x28 ./Drivers/STM32F4xx_HAL_Driver/Src/stm32f4xx_hal.o
                0x0000000008000fd8                HAL_IncTick
 .text.HAL_GetTick
                0x0000000008001000       0x18 ./Drivers/STM32F4xx_HAL_Driver/Src/stm32f4xx_hal.o
                0x0000000008001000                HAL_GetTick
 .text.__NVIC_SetPriorityGrouping
                0x0000000008001018       0x48 ./Drivers/STM32F4xx_HAL_Driver/Src/stm32f4xx_hal_cortex.o
 .text.__NVIC_GetPriorityGrouping
                0x0000000008001060       0x1c ./Drivers/STM32F4xx_HAL_Driver/Src/stm32f4xx_hal_cortex.o
 .text.__NVIC_EnableIRQ
                0x000000000800107c       0x3c ./Drivers/STM32F4xx_HAL_Driver/Src/stm32f4xx_hal_cortex.o
 .text.__NVIC_SetPriority
                0x00000000080010b8       0x54 ./Drivers/STM32F4xx_HAL_Driver/Src/stm32f4xx_hal_cortex.o
 .text.NVIC_EncodePriority
                0x000000000800110c       0x66 ./Drivers/STM32F4xx_HAL_Driver/Src/stm32f4xx_hal_cortex.o
 *fill*         0x0000000008001172        0x2 
 .text.SysTick_Config
                0x0000000008001174       0x44 ./Drivers/STM32F4xx_HAL_Driver/Src/stm32f4xx_hal_cortex.o
 .text.HAL_NVIC_SetPriorityGrouping
                0x00000000080011b8       0x16 ./Drivers/STM32F4xx_HAL_Driver/Src/stm32f4xx_hal_cortex.o
                0x00000000080011b8                HAL_NVIC_SetPriorityGrouping
 .text.HAL_NVIC_SetPriority
                0x00000000080011ce       0x38 ./Drivers/STM32F4xx_HAL_Driver/Src/stm32f4xx_hal_cortex.o
                0x00000000080011ce                HAL_NVIC_SetPriority
 .text.HAL_NVIC_EnableIRQ
                0x0000000008001206       0x1c ./Drivers/STM32F4xx_HAL_Driver/Src/stm32f4xx_hal_cortex.o
                0x0000000008001206                HAL_NVIC_EnableIRQ
 .text.HAL_SYSTICK_Config
                0x0000000008001222       0x18 ./Drivers/STM32F4xx_HAL_Driver/Src/stm32f4xx_hal_cortex.o
                0x0000000008001222                HAL_SYSTICK_Config
 .text.HAL_DMA_Abort
                0x000000000800123a       0xe0 ./Drivers/STM32F4xx_HAL_Driver/Src/stm32f4xx_hal_dma.o
                0x000000000800123a                HAL_DMA_Abort
 .text.HAL_DMA_Abort_IT
                0x000000000800131a       0x44 ./Drivers/STM32F4xx_HAL_Driver/Src/stm32f4xx_hal_dma.o
                0x000000000800131a                HAL_DMA_Abort_IT
 *fill*         0x000000000800135e        0x2 
 .text.HAL_GPIO_Init
                0x0000000008001360      0x358 ./Drivers/STM32F4xx_HAL_Driver/Src/stm32f4xx_hal_gpio.o
                0x0000000008001360                HAL_GPIO_Init
 .text.HAL_GPIO_WritePin
                0x00000000080016b8       0x32 ./Drivers/STM32F4xx_HAL_Driver/Src/stm32f4xx_hal_gpio.o
                0x00000000080016b8                HAL_GPIO_WritePin
 *fill*         0x00000000080016ea        0x2 
 .text.HAL_PWREx_EnableOverDrive
                0x00000000080016ec       0xa0 ./Drivers/STM32F4xx_HAL_Driver/Src/stm32f4xx_hal_pwr_ex.o
                0x00000000080016ec                HAL_PWREx_EnableOverDrive
 .text.HAL_RCC_OscConfig
                0x000000000800178c      0x4f0 ./Drivers/STM32F4xx_HAL_Driver/Src/stm32f4xx_hal_rcc.o
                0x000000000800178c                HAL_RCC_OscConfig
 .text.HAL_RCC_ClockConfig
                0x0000000008001c7c      0x1cc ./Drivers/STM32F4xx_HAL_Driver/Src/stm32f4xx_hal_rcc.o
                0x0000000008001c7c                HAL_RCC_ClockConfig
 .text.HAL_RCC_GetSysClockFreq
                0x0000000008001e48      0x20c ./Drivers/STM32F4xx_HAL_Driver/Src/stm32f4xx_hal_rcc.o
                0x0000000008001e48                HAL_RCC_GetSysClockFreq
 .text.HAL_RCC_GetHCLKFreq
                0x0000000008002054       0x18 ./Drivers/STM32F4xx_HAL_Driver/Src/stm32f4xx_hal_rcc.o
                0x0000000008002054                HAL_RCC_GetHCLKFreq
 .text.HAL_RCC_GetPCLK1Freq
                0x000000000800206c       0x28 ./Drivers/STM32F4xx_HAL_Driver/Src/stm32f4xx_hal_rcc.o
                0x000000000800206c                HAL_RCC_GetPCLK1Freq
 .text.HAL_RCC_GetPCLK2Freq
                0x0000000008002094       0x28 ./Drivers/STM32F4xx_HAL_Driver/Src/stm32f4xx_hal_rcc.o
                0x0000000008002094                HAL_RCC_GetPCLK2Freq
 .text.HAL_RCCEx_PeriphCLKConfig
                0x00000000080020bc      0x380 ./Drivers/STM32F4xx_HAL_Driver/Src/stm32f4xx_hal_rcc_ex.o
                0x00000000080020bc                HAL_RCCEx_PeriphCLKConfig
 .text.HAL_RTC_Init
                0x000000000800243c       0xec ./Drivers/STM32F4xx_HAL_Driver/Src/stm32f4xx_hal_rtc.o
                0x000000000800243c                HAL_RTC_Init
 .text.HAL_RTC_WaitForSynchro
                0x0000000008002528       0x50 ./Drivers/STM32F4xx_HAL_Driver/Src/stm32f4xx_hal_rtc.o
                0x0000000008002528                HAL_RTC_WaitForSynchro
 .text.RTC_EnterInitMode
                0x0000000008002578       0x6e ./Drivers/STM32F4xx_HAL_Driver/Src/stm32f4xx_hal_rtc.o
                0x0000000008002578                RTC_EnterInitMode
 .text.RTC_ExitInitMode
                0x00000000080025e6       0x4a ./Drivers/STM32F4xx_HAL_Driver/Src/stm32f4xx_hal_rtc.o
                0x00000000080025e6                RTC_ExitInitMode
 .text.HAL_UART_Init
                0x0000000008002630       0x9a ./Drivers/STM32F4xx_HAL_Driver/Src/stm32f4xx_hal_uart.o
                0x0000000008002630                HAL_UART_Init
 .text.HAL_UART_Transmit
                0x00000000080026ca      0x124 ./Drivers/STM32F4xx_HAL_Driver/Src/stm32f4xx_hal_uart.o
                0x00000000080026ca                HAL_UART_Transmit
 .text.HAL_UART_Receive_IT
                0x00000000080027ee       0x60 ./Drivers/STM32F4xx_HAL_Driver/Src/stm32f4xx_hal_uart.o
                0x00000000080027ee                HAL_UART_Receive_IT
 *fill*         0x000000000800284e        0x2 
 .text.HAL_UART_IRQHandler
                0x0000000008002850      0x51c ./Drivers/STM32F4xx_HAL_Driver/Src/stm32f4xx_hal_uart.o
                0x0000000008002850                HAL_UART_IRQHandler
 .text.HAL_UART_TxCpltCallback
                0x0000000008002d6c       0x14 ./Drivers/STM32F4xx_HAL_Driver/Src/stm32f4xx_hal_uart.o
                0x0000000008002d6c                HAL_UART_TxCpltCallback
 .text.HAL_UART_ErrorCallback
                0x0000000008002d80       0x14 ./Drivers/STM32F4xx_HAL_Driver/Src/stm32f4xx_hal_uart.o
                0x0000000008002d80                HAL_UART_ErrorCallback
 .text.HAL_UARTEx_RxEventCallback
                0x0000000008002d94       0x18 ./Drivers/STM32F4xx_HAL_Driver/Src/stm32f4xx_hal_uart.o
                0x0000000008002d94                HAL_UARTEx_RxEventCallback
 .text.UART_WaitOnFlagUntilTimeout
                0x0000000008002dac       0xdc ./Drivers/STM32F4xx_HAL_Driver/Src/stm32f4xx_hal_uart.o
 .text.UART_Start_Receive_IT
                0x0000000008002e88       0x7c ./Drivers/STM32F4xx_HAL_Driver/Src/stm32f4xx_hal_uart.o
                0x0000000008002e88                UART_Start_Receive_IT
 .text.UART_EndRxTransfer
                0x0000000008002f04       0xc6 ./Drivers/STM32F4xx_HAL_Driver/Src/stm32f4xx_hal_uart.o
 .text.UART_DMAAbortOnError
                0x0000000008002fca       0x28 ./Drivers/STM32F4xx_HAL_Driver/Src/stm32f4xx_hal_uart.o
 .text.UART_Transmit_IT
                0x0000000008002ff2       0xa0 ./Drivers/STM32F4xx_HAL_Driver/Src/stm32f4xx_hal_uart.o
 .text.UART_EndTransmit_IT
                0x0000000008003092       0x30 ./Drivers/STM32F4xx_HAL_Driver/Src/stm32f4xx_hal_uart.o
 .text.UART_Receive_IT
                0x00000000080030c2      0x176 ./Drivers/STM32F4xx_HAL_Driver/Src/stm32f4xx_hal_uart.o
 .text.UART_SetConfig
                0x0000000008003238      0x4e8 ./Drivers/STM32F4xx_HAL_Driver/Src/stm32f4xx_hal_uart.o
 .text.__errno  0x0000000008003720        0xc c:/st/stm32cubeide_1.9.0/stm32cubeide/plugins/com.st.stm32cube.ide.mcu.externaltools.gnu-tools-for-stm32.10.3-2021.10.win32_1.0.200.202301161003/tools/bin/../lib/gcc/arm-none-eabi/10.3.1/../../../../arm-none-eabi/lib/thumb/v7e-m+fp/hard\libc_nano.a(lib_a-errno.o)
                0x0000000008003720                __errno
 .text.__libc_init_array
                0x000000000800372c       0x48 c:/st/stm32cubeide_1.9.0/stm32cubeide/plugins/com.st.stm32cube.ide.mcu.externaltools.gnu-tools-for-stm32.10.3-2021.10.win32_1.0.200.202301161003/tools/bin/../lib/gcc/arm-none-eabi/10.3.1/../../../../arm-none-eabi/lib/thumb/v7e-m+fp/hard\libc_nano.a(lib_a-init.o)
                0x000000000800372c                __libc_init_array
 .text.memset   0x0000000008003774       0x10 c:/st/stm32cubeide_1.9.0/stm32cubeide/plugins/com.st.stm32cube.ide.mcu.externaltools.gnu-tools-for-stm32.10.3-2021.10.win32_1.0.200.202301161003/tools/bin/../lib/gcc/arm-none-eabi/10.3.1/../../../../arm-none-eabi/lib/thumb/v7e-m+fp/hard\libc_nano.a(lib_a-memset.o)
                0x0000000008003774                memset
 .text.sprintf  0x0000000008003784       0x40 c:/st/stm32cubeide_1.9.0/stm32cubeide/plugins/com.st.stm32cube.ide.mcu.externaltools.gnu-tools-for-stm32.10.3-2021.10.win32_1.0.200.202301161003/tools/bin/../lib/gcc/arm-none-eabi/10.3.1/../../../../arm-none-eabi/lib/thumb/v7e-m+fp/hard\libc_nano.a(lib_a-sprintf.o)
                0x0000000008003784                siprintf
                0x0000000008003784                sprintf
 .text.strncpy  0x00000000080037c4       0x26 c:/st/stm32cubeide_1.9.0/stm32cubeide/plugins/com.st.stm32cube.ide.mcu.externaltools.gnu-tools-for-stm32.10.3-2021.10.win32_1.0.200.202301161003/tools/bin/../lib/gcc/arm-none-eabi/10.3.1/../../../../arm-none-eabi/lib/thumb/v7e-m+fp/hard\libc_nano.a(lib_a-strncpy.o)
                0x00000000080037c4                strncpy
 .text.__ssputs_r
                0x00000000080037ea       0xb6 c:/st/stm32cubeide_1.9.0/stm32cubeide/plugins/com.st.stm32cube.ide.mcu.externaltools.gnu-tools-for-stm32.10.3-2021.10.win32_1.0.200.202301161003/tools/bin/../lib/gcc/arm-none-eabi/10.3.1/../../../../arm-none-eabi/lib/thumb/v7e-m+fp/hard\libc_nano.a(lib_a-nano-svfprintf.o)
                0x00000000080037ea                __ssputs_r
 .text._svfprintf_r
                0x00000000080038a0      0x200 c:/st/stm32cubeide_1.9.0/stm32cubeide/plugins/com.st.stm32cube.ide.mcu.externaltools.gnu-tools-for-stm32.10.3-2021.10.win32_1.0.200.202301161003/tools/bin/../lib/gcc/arm-none-eabi/10.3.1/../../../../arm-none-eabi/lib/thumb/v7e-m+fp/hard\libc_nano.a(lib_a-nano-svfprintf.o)
                0x00000000080038a0                _svfiprintf_r
                0x00000000080038a0                _svfprintf_r
 .text._printf_common
                0x0000000008003aa0       0xda c:/st/stm32cubeide_1.9.0/stm32cubeide/plugins/com.st.stm32cube.ide.mcu.externaltools.gnu-tools-for-stm32.10.3-2021.10.win32_1.0.200.202301161003/tools/bin/../lib/gcc/arm-none-eabi/10.3.1/../../../../arm-none-eabi/lib/thumb/v7e-m+fp/hard\libc_nano.a(lib_a-nano-vfprintf_i.o)
                0x0000000008003aa0                _printf_common
 *fill*         0x0000000008003b7a        0x2 
 .text._printf_i
                0x0000000008003b7c      0x24c c:/st/stm32cubeide_1.9.0/stm32cubeide/plugins/com.st.stm32cube.ide.mcu.externaltools.gnu-tools-for-stm32.10.3-2021.10.win32_1.0.200.202301161003/tools/bin/../lib/gcc/arm-none-eabi/10.3.1/../../../../arm-none-eabi/lib/thumb/v7e-m+fp/hard\libc_nano.a(lib_a-nano-vfprintf_i.o)
                0x0000000008003b7c                _printf_i
 .text.memcpy   0x0000000008003dc8       0x1c c:/st/stm32cubeide_1.9.0/stm32cubeide/plugins/com.st.stm32cube.ide.mcu.externaltools.gnu-tools-for-stm32.10.3-2021.10.win32_1.0.200.202301161003/tools/bin/../lib/gcc/arm-none-eabi/10.3.1/../../../../arm-none-eabi/lib/thumb/v7e-m+fp/hard\libc_nano.a(lib_a-memcpy-stub.o)
                0x0000000008003dc8                memcpy
 .text.memmove  0x0000000008003de4       0x34 c:/st/stm32cubeide_1.9.0/stm32cubeide/plugins/com.st.stm32cube.ide.mcu.externaltools.gnu-tools-for-stm32.10.3-2021.10.win32_1.0.200.202301161003/tools/bin/../lib/gcc/arm-none-eabi/10.3.1/../../../../arm-none-eabi/lib/thumb/v7e-m+fp/hard\libc_nano.a(lib_a-memmove.o)
                0x0000000008003de4                memmove
 .text._free_r  0x0000000008003e18       0x98 c:/st/stm32cubeide_1.9.0/stm32cubeide/plugins/com.st.stm32cube.ide.mcu.externaltools.gnu-tools-for-stm32.10.3-2021.10.win32_1.0.200.202301161003/tools/bin/../lib/gcc/arm-none-eabi/10.3.1/../../../../arm-none-eabi/lib/thumb/v7e-m+fp/hard\libc_nano.a(lib_a-nano-freer.o)
                0x0000000008003e18                _free_r
 .text.sbrk_aligned
                0x0000000008003eb0       0x40 c:/st/stm32cubeide_1.9.0/stm32cubeide/plugins/com.st.stm32cube.ide.mcu.externaltools.gnu-tools-for-stm32.10.3-2021.10.win32_1.0.200.202301161003/tools/bin/../lib/gcc/arm-none-eabi/10.3.1/../../../../arm-none-eabi/lib/thumb/v7e-m+fp/hard\libc_nano.a(lib_a-nano-mallocr.o)
 .text._malloc_r
                0x0000000008003ef0       0xe8 c:/st/stm32cubeide_1.9.0/stm32cubeide/plugins/com.st.stm32cube.ide.mcu.externaltools.gnu-tools-for-stm32.10.3-2021.10.win32_1.0.200.202301161003/tools/bin/../lib/gcc/arm-none-eabi/10.3.1/../../../../arm-none-eabi/lib/thumb/v7e-m+fp/hard\libc_nano.a(lib_a-nano-mallocr.o)
                0x0000000008003ef0                _malloc_r
 .text._realloc_r
                0x0000000008003fd8       0x5e c:/st/stm32cubeide_1.9.0/stm32cubeide/plugins/com.st.stm32cube.ide.mcu.externaltools.gnu-tools-for-stm32.10.3-2021.10.win32_1.0.200.202301161003/tools/bin/../lib/gcc/arm-none-eabi/10.3.1/../../../../arm-none-eabi/lib/thumb/v7e-m+fp/hard\libc_nano.a(lib_a-nano-reallocr.o)
                0x0000000008003fd8                _realloc_r
 *fill*         0x0000000008004036        0x2 
 .text._sbrk_r  0x0000000008004038       0x20 c:/st/stm32cubeide_1.9.0/stm32cubeide/plugins/com.st.stm32cube.ide.mcu.externaltools.gnu-tools-for-stm32.10.3-2021.10.win32_1.0.200.202301161003/tools/bin/../lib/gcc/arm-none-eabi/10.3.1/../../../../arm-none-eabi/lib/thumb/v7e-m+fp/hard\libc_nano.a(lib_a-sbrkr.o)
                0x0000000008004038                _sbrk_r
 .text.__malloc_lock
                0x0000000008004058        0xc c:/st/stm32cubeide_1.9.0/stm32cubeide/plugins/com.st.stm32cube.ide.mcu.externaltools.gnu-tools-for-stm32.10.3-2021.10.win32_1.0.200.202301161003/tools/bin/../lib/gcc/arm-none-eabi/10.3.1/../../../../arm-none-eabi/lib/thumb/v7e-m+fp/hard\libc_nano.a(lib_a-mlock.o)
                0x0000000008004058                __malloc_lock
 .text.__malloc_unlock
                0x0000000008004064        0xc c:/st/stm32cubeide_1.9.0/stm32cubeide/plugins/com.st.stm32cube.ide.mcu.externaltools.gnu-tools-for-stm32.10.3-2021.10.win32_1.0.200.202301161003/tools/bin/../lib/gcc/arm-none-eabi/10.3.1/../../../../arm-none-eabi/lib/thumb/v7e-m+fp/hard\libc_nano.a(lib_a-mlock.o)
                0x0000000008004064                __malloc_unlock
 .text._malloc_usable_size_r
                0x0000000008004070       0x10 c:/st/stm32cubeide_1.9.0/stm32cubeide/plugins/com.st.stm32cube.ide.mcu.externaltools.gnu-tools-for-stm32.10.3-2021.10.win32_1.0.200.202301161003/tools/bin/../lib/gcc/arm-none-eabi/10.3.1/../../../../arm-none-eabi/lib/thumb/v7e-m+fp/hard\libc_nano.a(lib_a-nano-msizer.o)
                0x0000000008004070                _malloc_usable_size_r
 .text.__retarget_lock_acquire_recursive
                0x0000000008004080        0x2 c:/st/stm32cubeide_1.9.0/stm32cubeide/plugins/com.st.stm32cube.ide.mcu.externaltools.gnu-tools-for-stm32.10.3-2021.10.win32_1.0.200.202301161003/tools/bin/../lib/gcc/arm-none-eabi/10.3.1/../../../../arm-none-eabi/lib/thumb/v7e-m+fp/hard\libc_nano.a(lib_a-lock.o)
                0x0000000008004080                __retarget_lock_acquire_recursive
 .text.__retarget_lock_release_recursive
                0x0000000008004082        0x2 c:/st/stm32cubeide_1.9.0/stm32cubeide/plugins/com.st.stm32cube.ide.mcu.externaltools.gnu-tools-for-stm32.10.3-2021.10.win32_1.0.200.202301161003/tools/bin/../lib/gcc/arm-none-eabi/10.3.1/../../../../arm-none-eabi/lib/thumb/v7e-m+fp/hard\libc_nano.a(lib_a-lock.o)
                0x0000000008004082                __retarget_lock_release_recursive
 *(.glue_7)
 .glue_7        0x0000000008004084        0x0 linker stubs
 *(.glue_7t)
 .glue_7t       0x0000000008004084        0x0 linker stubs
 *(.eh_frame)
 .eh_frame      0x0000000008004084        0x0 c:/st/stm32cubeide_1.9.0/stm32cubeide/plugins/com.st.stm32cube.ide.mcu.externaltools.gnu-tools-for-stm32.10.3-2021.10.win32_1.0.200.202301161003/tools/bin/../lib/gcc/arm-none-eabi/10.3.1/thumb/v7e-m+fp/hard/crtbegin.o
 *(.init)
 .init          0x0000000008004084        0x4 c:/st/stm32cubeide_1.9.0/stm32cubeide/plugins/com.st.stm32cube.ide.mcu.externaltools.gnu-tools-for-stm32.10.3-2021.10.win32_1.0.200.202301161003/tools/bin/../lib/gcc/arm-none-eabi/10.3.1/thumb/v7e-m+fp/hard/crti.o
                0x0000000008004084                _init
 .init          0x0000000008004088        0x8 c:/st/stm32cubeide_1.9.0/stm32cubeide/plugins/com.st.stm32cube.ide.mcu.externaltools.gnu-tools-for-stm32.10.3-2021.10.win32_1.0.200.202301161003/tools/bin/../lib/gcc/arm-none-eabi/10.3.1/thumb/v7e-m+fp/hard/crtn.o
 *(.fini)
 .fini          0x0000000008004090        0x4 c:/st/stm32cubeide_1.9.0/stm32cubeide/plugins/com.st.stm32cube.ide.mcu.externaltools.gnu-tools-for-stm32.10.3-2021.10.win32_1.0.200.202301161003/tools/bin/../lib/gcc/arm-none-eabi/10.3.1/thumb/v7e-m+fp/hard/crti.o
                0x0000000008004090                _fini
 .fini          0x0000000008004094        0x8 c:/st/stm32cubeide_1.9.0/stm32cubeide/plugins/com.st.stm32cube.ide.mcu.externaltools.gnu-tools-for-stm32.10.3-2021.10.win32_1.0.200.202301161003/tools/bin/../lib/gcc/arm-none-eabi/10.3.1/thumb/v7e-m+fp/hard/crtn.o
                0x000000000800409c                . = ALIGN (0x4)
                0x000000000800409c                _etext = .

.vfp11_veneer   0x000000000800409c        0x0
 .vfp11_veneer  0x000000000800409c        0x0 linker stubs

.v4_bx          0x000000000800409c        0x0
 .v4_bx         0x000000000800409c        0x0 linker stubs

.iplt           0x000000000800409c        0x0
 .iplt          0x000000000800409c        0x0 c:/st/stm32cubeide_1.9.0/stm32cubeide/plugins/com.st.stm32cube.ide.mcu.externaltools.gnu-tools-for-stm32.10.3-2021.10.win32_1.0.200.202301161003/tools/bin/../lib/gcc/arm-none-eabi/10.3.1/thumb/v7e-m+fp/hard/crtbegin.o

.rodata         0x000000000800409c       0x80
                0x000000000800409c                . = ALIGN (0x4)
 *(.rodata)
 .rodata        0x000000000800409c       0x33 ./Core/Src/main.o
 *(.rodata*)
 *fill*         0x00000000080040cf        0x1 
 .rodata.AHBPrescTable
                0x00000000080040d0       0x10 ./Core/Src/system_stm32f4xx.o
                0x00000000080040d0                AHBPrescTable
 .rodata.APBPrescTable
                0x00000000080040e0        0x8 ./Core/Src/system_stm32f4xx.o
                0x00000000080040e0                APBPrescTable
 .rodata._svfprintf_r.str1.1
                0x00000000080040e8       0x11 c:/st/stm32cubeide_1.9.0/stm32cubeide/plugins/com.st.stm32cube.ide.mcu.externaltools.gnu-tools-for-stm32.10.3-2021.10.win32_1.0.200.202301161003/tools/bin/../lib/gcc/arm-none-eabi/10.3.1/../../../../arm-none-eabi/lib/thumb/v7e-m+fp/hard\libc_nano.a(lib_a-nano-svfprintf.o)
 .rodata._printf_i.str1.1
                0x00000000080040f9       0x22 c:/st/stm32cubeide_1.9.0/stm32cubeide/plugins/com.st.stm32cube.ide.mcu.externaltools.gnu-tools-for-stm32.10.3-2021.10.win32_1.0.200.202301161003/tools/bin/../lib/gcc/arm-none-eabi/10.3.1/../../../../arm-none-eabi/lib/thumb/v7e-m+fp/hard\libc_nano.a(lib_a-nano-vfprintf_i.o)
                0x000000000800411c                . = ALIGN (0x4)
 *fill*         0x000000000800411b        0x1 

.ARM.extab      0x000000000800411c        0x0
                0x000000000800411c                . = ALIGN (0x4)
 *(.ARM.extab* .gnu.linkonce.armextab.*)
                0x000000000800411c                . = ALIGN (0x4)

.ARM            0x000000000800411c        0x8
                0x000000000800411c                . = ALIGN (0x4)
                0x000000000800411c                __exidx_start = .
 *(.ARM.exidx*)
 .ARM.exidx     0x000000000800411c        0x8 c:/st/stm32cubeide_1.9.0/stm32cubeide/plugins/com.st.stm32cube.ide.mcu.externaltools.gnu-tools-for-stm32.10.3-2021.10.win32_1.0.200.202301161003/tools/bin/../lib/gcc/arm-none-eabi/10.3.1/thumb/v7e-m+fp/hard\libgcc.a(_udivmoddi4.o)
                0x0000000008004124                __exidx_end = .
                0x0000000008004124                . = ALIGN (0x4)

.rel.dyn        0x0000000008004124        0x0
 .rel.iplt      0x0000000008004124        0x0 c:/st/stm32cubeide_1.9.0/stm32cubeide/plugins/com.st.stm32cube.ide.mcu.externaltools.gnu-tools-for-stm32.10.3-2021.10.win32_1.0.200.202301161003/tools/bin/../lib/gcc/arm-none-eabi/10.3.1/thumb/v7e-m+fp/hard/crtbegin.o

.preinit_array  0x0000000008004124        0x0
                0x0000000008004124                . = ALIGN (0x4)
                0x0000000008004124                PROVIDE (__preinit_array_start = .)
 *(.preinit_array*)
                0x0000000008004124                PROVIDE (__preinit_array_end = .)
                0x0000000008004124                . = ALIGN (0x4)

.init_array     0x0000000008004124        0x4
                0x0000000008004124                . = ALIGN (0x4)
                0x0000000008004124                PROVIDE (__init_array_start = .)
 *(SORT_BY_NAME(.init_array.*))
 *(.init_array*)
 .init_array    0x0000000008004124        0x4 c:/st/stm32cubeide_1.9.0/stm32cubeide/plugins/com.st.stm32cube.ide.mcu.externaltools.gnu-tools-for-stm32.10.3-2021.10.win32_1.0.200.202301161003/tools/bin/../lib/gcc/arm-none-eabi/10.3.1/thumb/v7e-m+fp/hard/crtbegin.o
                0x0000000008004128                PROVIDE (__init_array_end = .)
                0x0000000008004128                . = ALIGN (0x4)

.fini_array     0x0000000008004128        0x4
                0x0000000008004128                . = ALIGN (0x4)
                [!provide]                        PROVIDE (__fini_array_start = .)
 *(SORT_BY_NAME(.fini_array.*))
 *(.fini_array*)
 .fini_array    0x0000000008004128        0x4 c:/st/stm32cubeide_1.9.0/stm32cubeide/plugins/com.st.stm32cube.ide.mcu.externaltools.gnu-tools-for-stm32.10.3-2021.10.win32_1.0.200.202301161003/tools/bin/../lib/gcc/arm-none-eabi/10.3.1/thumb/v7e-m+fp/hard/crtbegin.o
                [!provide]                        PROVIDE (__fini_array_end = .)
                0x000000000800412c                . = ALIGN (0x4)
                0x000000000800412c                _sidata = LOADADDR (.data)

.data           0x0000000020000000       0x70 load address 0x000000000800412c
                0x0000000020000000                . = ALIGN (0x4)
                0x0000000020000000                _sdata = .
 *(.data)
 *(.data*)
 .data.SystemCoreClock
                0x0000000020000000        0x4 ./Core/Src/system_stm32f4xx.o
                0x0000000020000000                SystemCoreClock
 .data.uwTickPrio
                0x0000000020000004        0x4 ./Drivers/STM32F4xx_HAL_Driver/Src/stm32f4xx_hal.o
                0x0000000020000004                uwTickPrio
 .data.uwTickFreq
                0x0000000020000008        0x1 ./Drivers/STM32F4xx_HAL_Driver/Src/stm32f4xx_hal.o
                0x0000000020000008                uwTickFreq
 *fill*         0x0000000020000009        0x3 
 .data._impure_ptr
                0x000000002000000c        0x4 c:/st/stm32cubeide_1.9.0/stm32cubeide/plugins/com.st.stm32cube.ide.mcu.externaltools.gnu-tools-for-stm32.10.3-2021.10.win32_1.0.200.202301161003/tools/bin/../lib/gcc/arm-none-eabi/10.3.1/../../../../arm-none-eabi/lib/thumb/v7e-m+fp/hard\libc_nano.a(lib_a-impure.o)
                0x000000002000000c                _impure_ptr
 .data.impure_data
                0x0000000020000010       0x60 c:/st/stm32cubeide_1.9.0/stm32cubeide/plugins/com.st.stm32cube.ide.mcu.externaltools.gnu-tools-for-stm32.10.3-2021.10.win32_1.0.200.202301161003/tools/bin/../lib/gcc/arm-none-eabi/10.3.1/../../../../arm-none-eabi/lib/thumb/v7e-m+fp/hard\libc_nano.a(lib_a-impure.o)
 *(.RamFunc)
 *(.RamFunc*)
                0x0000000020000070                . = ALIGN (0x4)
                0x0000000020000070                _edata = .
                0x000000000800419c                _siccmram = LOADADDR (.ccmram)

.igot.plt       0x0000000020000070        0x0 load address 0x000000000800419c
 .igot.plt      0x0000000020000070        0x0 c:/st/stm32cubeide_1.9.0/stm32cubeide/plugins/com.st.stm32cube.ide.mcu.externaltools.gnu-tools-for-stm32.10.3-2021.10.win32_1.0.200.202301161003/tools/bin/../lib/gcc/arm-none-eabi/10.3.1/thumb/v7e-m+fp/hard/crtbegin.o

.ccmram         0x0000000010000000        0x0 load address 0x000000000800419c
                0x0000000010000000                . = ALIGN (0x4)
                0x0000000010000000                _sccmram = .
 *(.ccmram)
 *(.ccmram*)
                0x0000000010000000                . = ALIGN (0x4)
                0x0000000010000000                _eccmram = .
                0x0000000010000000                . = ALIGN (0x4)

.bss            0x0000000020000070      0x184
                0x0000000020000070                _sbss = .
                0x0000000020000070                __bss_start__ = _sbss
 *(.bss)
 .bss           0x0000000020000070       0x1c c:/st/stm32cubeide_1.9.0/stm32cubeide/plugins/com.st.stm32cube.ide.mcu.externaltools.gnu-tools-for-stm32.10.3-2021.10.win32_1.0.200.202301161003/tools/bin/../lib/gcc/arm-none-eabi/10.3.1/thumb/v7e-m+fp/hard/crtbegin.o
 *(.bss*)
 .bss.rx3ch     0x000000002000008c        0x1 ./Core/Src/main.o
                0x000000002000008c                rx3ch
 *fill*         0x000000002000008d        0x3 
 .bss.rx3Data   0x0000000020000090       0x32 ./Core/Src/main.o
                0x0000000020000090                rx3Data
 .bss.rx3Flag   0x00000000200000c2        0x1 ./Core/Src/main.o
                0x00000000200000c2                rx3Flag
 .bss.rx2ch     0x00000000200000c3        0x1 ./Core/Src/main.o
                0x00000000200000c3                rx2ch
 .bss.rx2Data   0x00000000200000c4       0x32 ./Core/Src/main.o
                0x00000000200000c4                rx2Data
 .bss.rx2Flag   0x00000000200000f6        0x1 ./Core/Src/main.o
                0x00000000200000f6                rx2Flag
 *fill*         0x00000000200000f7        0x1 
 .bss.sendBuf   0x00000000200000f8       0x32 ./Core/Src/main.o
                0x00000000200000f8                sendBuf
 *fill*         0x000000002000012a        0x2 
 .bss.i.1       0x000000002000012c        0x4 ./Core/Src/main.o
 .bss.i.0       0x0000000020000130        0x4 ./Core/Src/main.o
 .bss.hrtc      0x0000000020000134       0x20 ./Core/Src/rtc.o
                0x0000000020000134                hrtc
 .bss.__sbrk_heap_end
                0x0000000020000154        0x4 ./Core/Src/sysmem.o
 .bss.huart2    0x0000000020000158       0x44 ./Core/Src/usart.o
                0x0000000020000158                huart2
 .bss.huart3    0x000000002000019c       0x44 ./Core/Src/usart.o
                0x000000002000019c                huart3
 .bss.uwTick    0x00000000200001e0        0x4 ./Drivers/STM32F4xx_HAL_Driver/Src/stm32f4xx_hal.o
                0x00000000200001e0                uwTick
 .bss.__malloc_free_list
                0x00000000200001e4        0x4 c:/st/stm32cubeide_1.9.0/stm32cubeide/plugins/com.st.stm32cube.ide.mcu.externaltools.gnu-tools-for-stm32.10.3-2021.10.win32_1.0.200.202301161003/tools/bin/../lib/gcc/arm-none-eabi/10.3.1/../../../../arm-none-eabi/lib/thumb/v7e-m+fp/hard\libc_nano.a(lib_a-nano-mallocr.o)
                0x00000000200001e4                __malloc_free_list
 .bss.__malloc_sbrk_start
                0x00000000200001e8        0x4 c:/st/stm32cubeide_1.9.0/stm32cubeide/plugins/com.st.stm32cube.ide.mcu.externaltools.gnu-tools-for-stm32.10.3-2021.10.win32_1.0.200.202301161003/tools/bin/../lib/gcc/arm-none-eabi/10.3.1/../../../../arm-none-eabi/lib/thumb/v7e-m+fp/hard\libc_nano.a(lib_a-nano-mallocr.o)
                0x00000000200001e8                __malloc_sbrk_start
 .bss.errno     0x00000000200001ec        0x4 c:/st/stm32cubeide_1.9.0/stm32cubeide/plugins/com.st.stm32cube.ide.mcu.externaltools.gnu-tools-for-stm32.10.3-2021.10.win32_1.0.200.202301161003/tools/bin/../lib/gcc/arm-none-eabi/10.3.1/../../../../arm-none-eabi/lib/thumb/v7e-m+fp/hard\libc_nano.a(lib_a-reent.o)
                0x00000000200001ec                errno
 .bss.__lock___malloc_recursive_mutex
                0x00000000200001f0        0x1 c:/st/stm32cubeide_1.9.0/stm32cubeide/plugins/com.st.stm32cube.ide.mcu.externaltools.gnu-tools-for-stm32.10.3-2021.10.win32_1.0.200.202301161003/tools/bin/../lib/gcc/arm-none-eabi/10.3.1/../../../../arm-none-eabi/lib/thumb/v7e-m+fp/hard\libc_nano.a(lib_a-lock.o)
                0x00000000200001f0                __lock___malloc_recursive_mutex
 *(COMMON)
                0x00000000200001f4                . = ALIGN (0x4)
 *fill*         0x00000000200001f1        0x3 
                0x00000000200001f4                _ebss = .
                0x00000000200001f4                __bss_end__ = _ebss

._user_heap_stack
                0x00000000200001f4      0x604
                0x00000000200001f8                . = ALIGN (0x8)
 *fill*         0x00000000200001f4        0x4 
                [!provide]                        PROVIDE (end = .)
                0x00000000200001f8                PROVIDE (_end = .)
                0x00000000200003f8                . = (. + _Min_Heap_Size)
 *fill*         0x00000000200001f8      0x200 
                0x00000000200007f8                . = (. + _Min_Stack_Size)
 *fill*         0x00000000200003f8      0x400 
                0x00000000200007f8                . = ALIGN (0x8)

/DISCARD/
 libc.a(*)
 libm.a(*)
 libgcc.a(*)

.ARM.attributes
                0x0000000000000000       0x30
 *(.ARM.attributes)
 .ARM.attributes
                0x0000000000000000       0x1e c:/st/stm32cubeide_1.9.0/stm32cubeide/plugins/com.st.stm32cube.ide.mcu.externaltools.gnu-tools-for-stm32.10.3-2021.10.win32_1.0.200.202301161003/tools/bin/../lib/gcc/arm-none-eabi/10.3.1/thumb/v7e-m+fp/hard/crti.o
 .ARM.attributes
                0x000000000000001e       0x34 c:/st/stm32cubeide_1.9.0/stm32cubeide/plugins/com.st.stm32cube.ide.mcu.externaltools.gnu-tools-for-stm32.10.3-2021.10.win32_1.0.200.202301161003/tools/bin/../lib/gcc/arm-none-eabi/10.3.1/thumb/v7e-m+fp/hard/crtbegin.o
 .ARM.attributes
                0x0000000000000052       0x34 ./Core/Src/gpio.o
 .ARM.attributes
                0x0000000000000086       0x34 ./Core/Src/main.o
 .ARM.attributes
                0x00000000000000ba       0x34 ./Core/Src/rtc.o
 .ARM.attributes
                0x00000000000000ee       0x34 ./Core/Src/stm32f4xx_hal_msp.o
 .ARM.attributes
                0x0000000000000122       0x34 ./Core/Src/stm32f4xx_it.o
 .ARM.attributes
                0x0000000000000156       0x34 ./Core/Src/sysmem.o
 .ARM.attributes
                0x000000000000018a       0x34 ./Core/Src/system_stm32f4xx.o
 .ARM.attributes
                0x00000000000001be       0x34 ./Core/Src/usart.o
 .ARM.attributes
                0x00000000000001f2       0x21 ./Core/Startup/startup_stm32f429zitx.o
 .ARM.attributes
                0x0000000000000213       0x34 ./Drivers/STM32F4xx_HAL_Driver/Src/stm32f4xx_hal.o
 .ARM.attributes
                0x0000000000000247       0x34 ./Drivers/STM32F4xx_HAL_Driver/Src/stm32f4xx_hal_cortex.o
 .ARM.attributes
                0x000000000000027b       0x34 ./Drivers/STM32F4xx_HAL_Driver/Src/stm32f4xx_hal_dma.o
 .ARM.attributes
                0x00000000000002af       0x34 ./Drivers/STM32F4xx_HAL_Driver/Src/stm32f4xx_hal_gpio.o
 .ARM.attributes
                0x00000000000002e3       0x34 ./Drivers/STM32F4xx_HAL_Driver/Src/stm32f4xx_hal_pwr_ex.o
 .ARM.attributes
                0x0000000000000317       0x34 ./Drivers/STM32F4xx_HAL_Driver/Src/stm32f4xx_hal_rcc.o
 .ARM.attributes
                0x000000000000034b       0x34 ./Drivers/STM32F4xx_HAL_Driver/Src/stm32f4xx_hal_rcc_ex.o
 .ARM.attributes
                0x000000000000037f       0x34 ./Drivers/STM32F4xx_HAL_Driver/Src/stm32f4xx_hal_rtc.o
 .ARM.attributes
                0x00000000000003b3       0x34 ./Drivers/STM32F4xx_HAL_Driver/Src/stm32f4xx_hal_uart.o
 .ARM.attributes
                0x00000000000003e7       0x34 c:/st/stm32cubeide_1.9.0/stm32cubeide/plugins/com.st.stm32cube.ide.mcu.externaltools.gnu-tools-for-stm32.10.3-2021.10.win32_1.0.200.202301161003/tools/bin/../lib/gcc/arm-none-eabi/10.3.1/../../../../arm-none-eabi/lib/thumb/v7e-m+fp/hard\libc_nano.a(lib_a-errno.o)
 .ARM.attributes
                0x000000000000041b       0x34 c:/st/stm32cubeide_1.9.0/stm32cubeide/plugins/com.st.stm32cube.ide.mcu.externaltools.gnu-tools-for-stm32.10.3-2021.10.win32_1.0.200.202301161003/tools/bin/../lib/gcc/arm-none-eabi/10.3.1/../../../../arm-none-eabi/lib/thumb/v7e-m+fp/hard\libc_nano.a(lib_a-impure.o)
 .ARM.attributes
                0x000000000000044f       0x34 c:/st/stm32cubeide_1.9.0/stm32cubeide/plugins/com.st.stm32cube.ide.mcu.externaltools.gnu-tools-for-stm32.10.3-2021.10.win32_1.0.200.202301161003/tools/bin/../lib/gcc/arm-none-eabi/10.3.1/../../../../arm-none-eabi/lib/thumb/v7e-m+fp/hard\libc_nano.a(lib_a-init.o)
 .ARM.attributes
                0x0000000000000483       0x34 c:/st/stm32cubeide_1.9.0/stm32cubeide/plugins/com.st.stm32cube.ide.mcu.externaltools.gnu-tools-for-stm32.10.3-2021.10.win32_1.0.200.202301161003/tools/bin/../lib/gcc/arm-none-eabi/10.3.1/../../../../arm-none-eabi/lib/thumb/v7e-m+fp/hard\libc_nano.a(lib_a-memset.o)
 .ARM.attributes
                0x00000000000004b7       0x34 c:/st/stm32cubeide_1.9.0/stm32cubeide/plugins/com.st.stm32cube.ide.mcu.externaltools.gnu-tools-for-stm32.10.3-2021.10.win32_1.0.200.202301161003/tools/bin/../lib/gcc/arm-none-eabi/10.3.1/../../../../arm-none-eabi/lib/thumb/v7e-m+fp/hard\libc_nano.a(lib_a-sprintf.o)
 .ARM.attributes
                0x00000000000004eb       0x34 c:/st/stm32cubeide_1.9.0/stm32cubeide/plugins/com.st.stm32cube.ide.mcu.externaltools.gnu-tools-for-stm32.10.3-2021.10.win32_1.0.200.202301161003/tools/bin/../lib/gcc/arm-none-eabi/10.3.1/../../../../arm-none-eabi/lib/thumb/v7e-m+fp/hard\libc_nano.a(lib_a-strncpy.o)
 .ARM.attributes
                0x000000000000051f       0x34 c:/st/stm32cubeide_1.9.0/stm32cubeide/plugins/com.st.stm32cube.ide.mcu.externaltools.gnu-tools-for-stm32.10.3-2021.10.win32_1.0.200.202301161003/tools/bin/../lib/gcc/arm-none-eabi/10.3.1/../../../../arm-none-eabi/lib/thumb/v7e-m+fp/hard\libc_nano.a(lib_a-nano-svfprintf.o)
 .ARM.attributes
                0x0000000000000553       0x34 c:/st/stm32cubeide_1.9.0/stm32cubeide/plugins/com.st.stm32cube.ide.mcu.externaltools.gnu-tools-for-stm32.10.3-2021.10.win32_1.0.200.202301161003/tools/bin/../lib/gcc/arm-none-eabi/10.3.1/../../../../arm-none-eabi/lib/thumb/v7e-m+fp/hard\libc_nano.a(lib_a-nano-vfprintf_i.o)
 .ARM.attributes
                0x0000000000000587       0x1c c:/st/stm32cubeide_1.9.0/stm32cubeide/plugins/com.st.stm32cube.ide.mcu.externaltools.gnu-tools-for-stm32.10.3-2021.10.win32_1.0.200.202301161003/tools/bin/../lib/gcc/arm-none-eabi/10.3.1/../../../../arm-none-eabi/lib/thumb/v7e-m+fp/hard\libc_nano.a(lib_a-memchr.o)
 .ARM.attributes
                0x00000000000005a3       0x34 c:/st/stm32cubeide_1.9.0/stm32cubeide/plugins/com.st.stm32cube.ide.mcu.externaltools.gnu-tools-for-stm32.10.3-2021.10.win32_1.0.200.202301161003/tools/bin/../lib/gcc/arm-none-eabi/10.3.1/../../../../arm-none-eabi/lib/thumb/v7e-m+fp/hard\libc_nano.a(lib_a-memcpy-stub.o)
 .ARM.attributes
                0x00000000000005d7       0x34 c:/st/stm32cubeide_1.9.0/stm32cubeide/plugins/com.st.stm32cube.ide.mcu.externaltools.gnu-tools-for-stm32.10.3-2021.10.win32_1.0.200.202301161003/tools/bin/../lib/gcc/arm-none-eabi/10.3.1/../../../../arm-none-eabi/lib/thumb/v7e-m+fp/hard\libc_nano.a(lib_a-memmove.o)
 .ARM.attributes
                0x000000000000060b       0x34 c:/st/stm32cubeide_1.9.0/stm32cubeide/plugins/com.st.stm32cube.ide.mcu.externaltools.gnu-tools-for-stm32.10.3-2021.10.win32_1.0.200.202301161003/tools/bin/../lib/gcc/arm-none-eabi/10.3.1/../../../../arm-none-eabi/lib/thumb/v7e-m+fp/hard\libc_nano.a(lib_a-nano-freer.o)
 .ARM.attributes
                0x000000000000063f       0x34 c:/st/stm32cubeide_1.9.0/stm32cubeide/plugins/com.st.stm32cube.ide.mcu.externaltools.gnu-tools-for-stm32.10.3-2021.10.win32_1.0.200.202301161003/tools/bin/../lib/gcc/arm-none-eabi/10.3.1/../../../../arm-none-eabi/lib/thumb/v7e-m+fp/hard\libc_nano.a(lib_a-nano-mallocr.o)
 .ARM.attributes
                0x0000000000000673       0x34 c:/st/stm32cubeide_1.9.0/stm32cubeide/plugins/com.st.stm32cube.ide.mcu.externaltools.gnu-tools-for-stm32.10.3-2021.10.win32_1.0.200.202301161003/tools/bin/../lib/gcc/arm-none-eabi/10.3.1/../../../../arm-none-eabi/lib/thumb/v7e-m+fp/hard\libc_nano.a(lib_a-nano-reallocr.o)
 .ARM.attributes
                0x00000000000006a7       0x34 c:/st/stm32cubeide_1.9.0/stm32cubeide/plugins/com.st.stm32cube.ide.mcu.externaltools.gnu-tools-for-stm32.10.3-2021.10.win32_1.0.200.202301161003/tools/bin/../lib/gcc/arm-none-eabi/10.3.1/../../../../arm-none-eabi/lib/thumb/v7e-m+fp/hard\libc_nano.a(lib_a-sbrkr.o)
 .ARM.attributes
                0x00000000000006db       0x34 c:/st/stm32cubeide_1.9.0/stm32cubeide/plugins/com.st.stm32cube.ide.mcu.externaltools.gnu-tools-for-stm32.10.3-2021.10.win32_1.0.200.202301161003/tools/bin/../lib/gcc/arm-none-eabi/10.3.1/../../../../arm-none-eabi/lib/thumb/v7e-m+fp/hard\libc_nano.a(lib_a-mlock.o)
 .ARM.attributes
                0x000000000000070f       0x34 c:/st/stm32cubeide_1.9.0/stm32cubeide/plugins/com.st.stm32cube.ide.mcu.externaltools.gnu-tools-for-stm32.10.3-2021.10.win32_1.0.200.202301161003/tools/bin/../lib/gcc/arm-none-eabi/10.3.1/../../../../arm-none-eabi/lib/thumb/v7e-m+fp/hard\libc_nano.a(lib_a-nano-msizer.o)
 .ARM.attributes
                0x0000000000000743       0x34 c:/st/stm32cubeide_1.9.0/stm32cubeide/plugins/com.st.stm32cube.ide.mcu.externaltools.gnu-tools-for-stm32.10.3-2021.10.win32_1.0.200.202301161003/tools/bin/../lib/gcc/arm-none-eabi/10.3.1/../../../../arm-none-eabi/lib/thumb/v7e-m+fp/hard\libc_nano.a(lib_a-reent.o)
 .ARM.attributes
                0x0000000000000777       0x34 c:/st/stm32cubeide_1.9.0/stm32cubeide/plugins/com.st.stm32cube.ide.mcu.externaltools.gnu-tools-for-stm32.10.3-2021.10.win32_1.0.200.202301161003/tools/bin/../lib/gcc/arm-none-eabi/10.3.1/../../../../arm-none-eabi/lib/thumb/v7e-m+fp/hard\libc_nano.a(lib_a-lock.o)
 .ARM.attributes
                0x00000000000007ab       0x1e c:/st/stm32cubeide_1.9.0/stm32cubeide/plugins/com.st.stm32cube.ide.mcu.externaltools.gnu-tools-for-stm32.10.3-2021.10.win32_1.0.200.202301161003/tools/bin/../lib/gcc/arm-none-eabi/10.3.1/thumb/v7e-m+fp/hard\libgcc.a(_aeabi_uldivmod.o)
 .ARM.attributes
                0x00000000000007c9       0x34 c:/st/stm32cubeide_1.9.0/stm32cubeide/plugins/com.st.stm32cube.ide.mcu.externaltools.gnu-tools-for-stm32.10.3-2021.10.win32_1.0.200.202301161003/tools/bin/../lib/gcc/arm-none-eabi/10.3.1/thumb/v7e-m+fp/hard\libgcc.a(_udivmoddi4.o)
 .ARM.attributes
                0x00000000000007fd       0x1e c:/st/stm32cubeide_1.9.0/stm32cubeide/plugins/com.st.stm32cube.ide.mcu.externaltools.gnu-tools-for-stm32.10.3-2021.10.win32_1.0.200.202301161003/tools/bin/../lib/gcc/arm-none-eabi/10.3.1/thumb/v7e-m+fp/hard\libgcc.a(_dvmd_tls.o)
 .ARM.attributes
                0x000000000000081b       0x1e c:/st/stm32cubeide_1.9.0/stm32cubeide/plugins/com.st.stm32cube.ide.mcu.externaltools.gnu-tools-for-stm32.10.3-2021.10.win32_1.0.200.202301161003/tools/bin/../lib/gcc/arm-none-eabi/10.3.1/thumb/v7e-m+fp/hard/crtn.o
OUTPUT(sample_Usart3_Usart2_Bluetooth_9600.elf elf32-littlearm)
LOAD linker stubs
LOAD c:/st/stm32cubeide_1.9.0/stm32cubeide/plugins/com.st.stm32cube.ide.mcu.externaltools.gnu-tools-for-stm32.10.3-2021.10.win32_1.0.200.202301161003/tools/bin/../lib/gcc/arm-none-eabi/10.3.1/../../../../arm-none-eabi/lib/thumb/v7e-m+fp/hard\libc.a
LOAD c:/st/stm32cubeide_1.9.0/stm32cubeide/plugins/com.st.stm32cube.ide.mcu.externaltools.gnu-tools-for-stm32.10.3-2021.10.win32_1.0.200.202301161003/tools/bin/../lib/gcc/arm-none-eabi/10.3.1/../../../../arm-none-eabi/lib/thumb/v7e-m+fp/hard\libm.a
LOAD c:/st/stm32cubeide_1.9.0/stm32cubeide/plugins/com.st.stm32cube.ide.mcu.externaltools.gnu-tools-for-stm32.10.3-2021.10.win32_1.0.200.202301161003/tools/bin/../lib/gcc/arm-none-eabi/10.3.1/thumb/v7e-m+fp/hard\libgcc.a

.debug_info     0x0000000000000000     0xb381
 .debug_info    0x0000000000000000      0x4df ./Core/Src/gpio.o
 .debug_info    0x00000000000004df      0xcd1 ./Core/Src/main.o
 .debug_info    0x00000000000011b0      0x62d ./Core/Src/rtc.o
 .debug_info    0x00000000000017dd      0x2c4 ./Core/Src/stm32f4xx_hal_msp.o
 .debug_info    0x0000000000001aa1      0x683 ./Core/Src/stm32f4xx_it.o
 .debug_info    0x0000000000002124      0x171 ./Core/Src/sysmem.o
 .debug_info    0x0000000000002295      0x53f ./Core/Src/system_stm32f4xx.o
 .debug_info    0x00000000000027d4      0xccc ./Core/Src/usart.o
 .debug_info    0x00000000000034a0       0x22 ./Core/Startup/startup_stm32f429zitx.o
 .debug_info    0x00000000000034c2      0x9f4 ./Drivers/STM32F4xx_HAL_Driver/Src/stm32f4xx_hal.o
 .debug_info    0x0000000000003eb6      0xe51 ./Drivers/STM32F4xx_HAL_Driver/Src/stm32f4xx_hal_cortex.o
 .debug_info    0x0000000000004d07      0x94f ./Drivers/STM32F4xx_HAL_Driver/Src/stm32f4xx_hal_dma.o
 .debug_info    0x0000000000005656      0x786 ./Drivers/STM32F4xx_HAL_Driver/Src/stm32f4xx_hal_gpio.o
 .debug_info    0x0000000000005ddc      0x6e6 ./Drivers/STM32F4xx_HAL_Driver/Src/stm32f4xx_hal_pwr_ex.o
 .debug_info    0x00000000000064c2      0x982 ./Drivers/STM32F4xx_HAL_Driver/Src/stm32f4xx_hal_rcc.o
 .debug_info    0x0000000000006e44      0x689 ./Drivers/STM32F4xx_HAL_Driver/Src/stm32f4xx_hal_rcc_ex.o
 .debug_info    0x00000000000074cd      0xcf8 ./Drivers/STM32F4xx_HAL_Driver/Src/stm32f4xx_hal_rtc.o
 .debug_info    0x00000000000081c5     0x31bc ./Drivers/STM32F4xx_HAL_Driver/Src/stm32f4xx_hal_uart.o

.debug_abbrev   0x0000000000000000     0x1fd3
 .debug_abbrev  0x0000000000000000      0x146 ./Core/Src/gpio.o
 .debug_abbrev  0x0000000000000146      0x29a ./Core/Src/main.o
 .debug_abbrev  0x00000000000003e0      0x18f ./Core/Src/rtc.o
 .debug_abbrev  0x000000000000056f       0xd4 ./Core/Src/stm32f4xx_hal_msp.o
 .debug_abbrev  0x0000000000000643      0x166 ./Core/Src/stm32f4xx_it.o
 .debug_abbrev  0x00000000000007a9       0xbb ./Core/Src/sysmem.o
 .debug_abbrev  0x0000000000000864      0x116 ./Core/Src/system_stm32f4xx.o
 .debug_abbrev  0x000000000000097a      0x205 ./Core/Src/usart.o
 .debug_abbrev  0x0000000000000b7f       0x12 ./Core/Startup/startup_stm32f429zitx.o
 .debug_abbrev  0x0000000000000b91      0x20d ./Drivers/STM32F4xx_HAL_Driver/Src/stm32f4xx_hal.o
 .debug_abbrev  0x0000000000000d9e      0x316 ./Drivers/STM32F4xx_HAL_Driver/Src/stm32f4xx_hal_cortex.o
 .debug_abbrev  0x00000000000010b4      0x25b ./Drivers/STM32F4xx_HAL_Driver/Src/stm32f4xx_hal_dma.o
 .debug_abbrev  0x000000000000130f      0x1c4 ./Drivers/STM32F4xx_HAL_Driver/Src/stm32f4xx_hal_gpio.o
 .debug_abbrev  0x00000000000014d3      0x1c9 ./Drivers/STM32F4xx_HAL_Driver/Src/stm32f4xx_hal_pwr_ex.o
 .debug_abbrev  0x000000000000169c      0x2aa ./Drivers/STM32F4xx_HAL_Driver/Src/stm32f4xx_hal_rcc.o
 .debug_abbrev  0x0000000000001946      0x1a8 ./Drivers/STM32F4xx_HAL_Driver/Src/stm32f4xx_hal_rcc_ex.o
 .debug_abbrev  0x0000000000001aee      0x1f1 ./Drivers/STM32F4xx_HAL_Driver/Src/stm32f4xx_hal_rtc.o
 .debug_abbrev  0x0000000000001cdf      0x2f4 ./Drivers/STM32F4xx_HAL_Driver/Src/stm32f4xx_hal_uart.o

.debug_aranges  0x0000000000000000      0x910
 .debug_aranges
                0x0000000000000000       0x20 ./Core/Src/gpio.o
 .debug_aranges
                0x0000000000000020       0x60 ./Core/Src/main.o
 .debug_aranges
                0x0000000000000080       0x30 ./Core/Src/rtc.o
 .debug_aranges
                0x00000000000000b0       0x20 ./Core/Src/stm32f4xx_hal_msp.o
 .debug_aranges
                0x00000000000000d0       0x70 ./Core/Src/stm32f4xx_it.o
 .debug_aranges
                0x0000000000000140       0x20 ./Core/Src/sysmem.o
 .debug_aranges
                0x0000000000000160       0x28 ./Core/Src/system_stm32f4xx.o
 .debug_aranges
                0x0000000000000188       0x38 ./Core/Src/usart.o
 .debug_aranges
                0x00000000000001c0       0x28 ./Core/Startup/startup_stm32f429zitx.o
 .debug_aranges
                0x00000000000001e8      0x100 ./Drivers/STM32F4xx_HAL_Driver/Src/stm32f4xx_hal.o
 .debug_aranges
                0x00000000000002e8      0x118 ./Drivers/STM32F4xx_HAL_Driver/Src/stm32f4xx_hal_cortex.o
 .debug_aranges
                0x0000000000000400       0x90 ./Drivers/STM32F4xx_HAL_Driver/Src/stm32f4xx_hal_dma.o
 .debug_aranges
                0x0000000000000490       0x58 ./Drivers/STM32F4xx_HAL_Driver/Src/stm32f4xx_hal_gpio.o
 .debug_aranges
                0x00000000000004e8       0x60 ./Drivers/STM32F4xx_HAL_Driver/Src/stm32f4xx_hal_pwr_ex.o
 .debug_aranges
                0x0000000000000548       0x88 ./Drivers/STM32F4xx_HAL_Driver/Src/stm32f4xx_hal_rcc.o
 .debug_aranges
                0x00000000000005d0       0x58 ./Drivers/STM32F4xx_HAL_Driver/Src/stm32f4xx_hal_rcc_ex.o
 .debug_aranges
                0x0000000000000628       0xe8 ./Drivers/STM32F4xx_HAL_Driver/Src/stm32f4xx_hal_rtc.o
 .debug_aranges
                0x0000000000000710      0x200 ./Drivers/STM32F4xx_HAL_Driver/Src/stm32f4xx_hal_uart.o

.debug_ranges   0x0000000000000000      0x828
 .debug_ranges  0x0000000000000000       0x10 ./Core/Src/gpio.o
 .debug_ranges  0x0000000000000010       0x50 ./Core/Src/main.o
 .debug_ranges  0x0000000000000060       0x20 ./Core/Src/rtc.o
 .debug_ranges  0x0000000000000080       0x10 ./Core/Src/stm32f4xx_hal_msp.o
 .debug_ranges  0x0000000000000090       0x60 ./Core/Src/stm32f4xx_it.o
 .debug_ranges  0x00000000000000f0       0x10 ./Core/Src/sysmem.o
 .debug_ranges  0x0000000000000100       0x18 ./Core/Src/system_stm32f4xx.o
 .debug_ranges  0x0000000000000118       0x28 ./Core/Src/usart.o
 .debug_ranges  0x0000000000000140       0x20 ./Core/Startup/startup_stm32f429zitx.o
 .debug_ranges  0x0000000000000160       0xf0 ./Drivers/STM32F4xx_HAL_Driver/Src/stm32f4xx_hal.o
 .debug_ranges  0x0000000000000250      0x108 ./Drivers/STM32F4xx_HAL_Driver/Src/stm32f4xx_hal_cortex.o
 .debug_ranges  0x0000000000000358       0x80 ./Drivers/STM32F4xx_HAL_Driver/Src/stm32f4xx_hal_dma.o
 .debug_ranges  0x00000000000003d8       0x48 ./Drivers/STM32F4xx_HAL_Driver/Src/stm32f4xx_hal_gpio.o
 .debug_ranges  0x0000000000000420       0x50 ./Drivers/STM32F4xx_HAL_Driver/Src/stm32f4xx_hal_pwr_ex.o
 .debug_ranges  0x0000000000000470       0x78 ./Drivers/STM32F4xx_HAL_Driver/Src/stm32f4xx_hal_rcc.o
 .debug_ranges  0x00000000000004e8       0x48 ./Drivers/STM32F4xx_HAL_Driver/Src/stm32f4xx_hal_rcc_ex.o
 .debug_ranges  0x0000000000000530       0xd8 ./Drivers/STM32F4xx_HAL_Driver/Src/stm32f4xx_hal_rtc.o
 .debug_ranges  0x0000000000000608      0x220 ./Drivers/STM32F4xx_HAL_Driver/Src/stm32f4xx_hal_uart.o

.debug_macro    0x0000000000000000    0x24151
 .debug_macro   0x0000000000000000      0x1ec ./Core/Src/gpio.o
 .debug_macro   0x00000000000001ec      0xa78 ./Core/Src/gpio.o
 .debug_macro   0x0000000000000c64      0x29b ./Core/Src/gpio.o
 .debug_macro   0x0000000000000eff       0x2e ./Core/Src/gpio.o
 .debug_macro   0x0000000000000f2d       0x28 ./Core/Src/gpio.o
 .debug_macro   0x0000000000000f55       0x22 ./Core/Src/gpio.o
 .debug_macro   0x0000000000000f77       0x8e ./Core/Src/gpio.o
 .debug_macro   0x0000000000001005       0x51 ./Core/Src/gpio.o
 .debug_macro   0x0000000000001056      0x103 ./Core/Src/gpio.o
 .debug_macro   0x0000000000001159       0x6a ./Core/Src/gpio.o
 .debug_macro   0x00000000000011c3      0x1df ./Core/Src/gpio.o
 .debug_macro   0x00000000000013a2       0x1c ./Core/Src/gpio.o
 .debug_macro   0x00000000000013be       0x22 ./Core/Src/gpio.o
 .debug_macro   0x00000000000013e0       0xd9 ./Core/Src/gpio.o
 .debug_macro   0x00000000000014b9     0x102d ./Core/Src/gpio.o
 .debug_macro   0x00000000000024e6      0x11f ./Core/Src/gpio.o
 .debug_macro   0x0000000000002605    0x17fc0 ./Core/Src/gpio.o
 .debug_macro   0x000000000001a5c5       0x6d ./Core/Src/gpio.o
 .debug_macro   0x000000000001a632     0x36f5 ./Core/Src/gpio.o
 .debug_macro   0x000000000001dd27      0x174 ./Core/Src/gpio.o
 .debug_macro   0x000000000001de9b       0x5c ./Core/Src/gpio.o
 .debug_macro   0x000000000001def7      0xca5 ./Core/Src/gpio.o
 .debug_macro   0x000000000001eb9c      0x9fe ./Core/Src/gpio.o
 .debug_macro   0x000000000001f59a      0x115 ./Core/Src/gpio.o
 .debug_macro   0x000000000001f6af      0x156 ./Core/Src/gpio.o
 .debug_macro   0x000000000001f805       0xa5 ./Core/Src/gpio.o
 .debug_macro   0x000000000001f8aa      0x182 ./Core/Src/gpio.o
 .debug_macro   0x000000000001fa2c      0x287 ./Core/Src/gpio.o
 .debug_macro   0x000000000001fcb3       0x5f ./Core/Src/gpio.o
 .debug_macro   0x000000000001fd12      0x236 ./Core/Src/gpio.o
 .debug_macro   0x000000000001ff48      0x132 ./Core/Src/gpio.o
 .debug_macro   0x000000000002007a      0x41d ./Core/Src/gpio.o
 .debug_macro   0x0000000000020497       0x2e ./Core/Src/gpio.o
 .debug_macro   0x00000000000204c5      0x11a ./Core/Src/gpio.o
 .debug_macro   0x00000000000205df       0xe2 ./Core/Src/gpio.o
 .debug_macro   0x00000000000206c1       0x89 ./Core/Src/gpio.o
 .debug_macro   0x000000000002074a      0x305 ./Core/Src/gpio.o
 .debug_macro   0x0000000000020a4f      0x452 ./Core/Src/gpio.o
 .debug_macro   0x0000000000020ea1       0xe4 ./Core/Src/gpio.o
 .debug_macro   0x0000000000020f85      0x295 ./Core/Src/gpio.o
 .debug_macro   0x000000000002121a      0x134 ./Core/Src/gpio.o
 .debug_macro   0x000000000002134e      0x130 ./Core/Src/gpio.o
 .debug_macro   0x000000000002147e      0x3cd ./Core/Src/main.o
 .debug_macro   0x000000000002184b       0x52 ./Core/Src/main.o
 .debug_macro   0x000000000002189d       0x1e ./Core/Src/main.o
 .debug_macro   0x00000000000218bb       0x3c ./Core/Src/main.o
 .debug_macro   0x00000000000218f7       0x34 ./Core/Src/main.o
 .debug_macro   0x000000000002192b       0x16 ./Core/Src/main.o
 .debug_macro   0x0000000000021941       0x35 ./Core/Src/main.o
 .debug_macro   0x0000000000021976      0x341 ./Core/Src/main.o
 .debug_macro   0x0000000000021cb7       0x10 ./Core/Src/main.o
 .debug_macro   0x0000000000021cc7       0x16 ./Core/Src/main.o
 .debug_macro   0x0000000000021cdd       0x43 ./Core/Src/main.o
 .debug_macro   0x0000000000021d20       0x34 ./Core/Src/main.o
 .debug_macro   0x0000000000021d54       0x10 ./Core/Src/main.o
 .debug_macro   0x0000000000021d64       0x58 ./Core/Src/main.o
 .debug_macro   0x0000000000021dbc       0x71 ./Core/Src/main.o
 .debug_macro   0x0000000000021e2d       0x1c ./Core/Src/main.o
 .debug_macro   0x0000000000021e49      0x12a ./Core/Src/main.o
 .debug_macro   0x0000000000021f73       0x10 ./Core/Src/main.o
 .debug_macro   0x0000000000021f83       0x1c ./Core/Src/main.o
 .debug_macro   0x0000000000021f9f       0x52 ./Core/Src/main.o
 .debug_macro   0x0000000000021ff1       0x22 ./Core/Src/main.o
 .debug_macro   0x0000000000022013       0x10 ./Core/Src/main.o
 .debug_macro   0x0000000000022023       0x52 ./Core/Src/main.o
 .debug_macro   0x0000000000022075       0xd5 ./Core/Src/main.o
 .debug_macro   0x000000000002214a       0x1c ./Core/Src/main.o
 .debug_macro   0x0000000000022166       0x3d ./Core/Src/main.o
 .debug_macro   0x00000000000221a3       0x16 ./Core/Src/main.o
 .debug_macro   0x00000000000221b9      0x145 ./Core/Src/main.o
 .debug_macro   0x00000000000222fe       0x16 ./Core/Src/main.o
 .debug_macro   0x0000000000022314       0x20 ./Core/Src/main.o
 .debug_macro   0x0000000000022334       0x16 ./Core/Src/main.o
 .debug_macro   0x000000000002234a       0x16 ./Core/Src/main.o
 .debug_macro   0x0000000000022360       0x29 ./Core/Src/main.o
 .debug_macro   0x0000000000022389      0x1ec ./Core/Src/rtc.o
 .debug_macro   0x0000000000022575      0x1e2 ./Core/Src/stm32f4xx_hal_msp.o
 .debug_macro   0x0000000000022757      0x1ec ./Core/Src/stm32f4xx_it.o
 .debug_macro   0x0000000000022943       0xff ./Core/Src/sysmem.o
 .debug_macro   0x0000000000022a42      0x23b ./Core/Src/sysmem.o
 .debug_macro   0x0000000000022c7d      0x1d3 ./Core/Src/system_stm32f4xx.o
 .debug_macro   0x0000000000022e50      0x1ec ./Core/Src/usart.o
 .debug_macro   0x000000000002303c      0x233 ./Drivers/STM32F4xx_HAL_Driver/Src/stm32f4xx_hal.o
 .debug_macro   0x000000000002326f      0x1d3 ./Drivers/STM32F4xx_HAL_Driver/Src/stm32f4xx_hal_cortex.o
 .debug_macro   0x0000000000023442      0x1d9 ./Drivers/STM32F4xx_HAL_Driver/Src/stm32f4xx_hal_dma.o
 .debug_macro   0x000000000002361b      0x1d9 ./Drivers/STM32F4xx_HAL_Driver/Src/stm32f4xx_hal_gpio.o
 .debug_macro   0x00000000000237f4      0x1eb ./Drivers/STM32F4xx_HAL_Driver/Src/stm32f4xx_hal_pwr_ex.o
 .debug_macro   0x00000000000239df      0x1f7 ./Drivers/STM32F4xx_HAL_Driver/Src/stm32f4xx_hal_rcc.o
 .debug_macro   0x0000000000023bd6      0x1d3 ./Drivers/STM32F4xx_HAL_Driver/Src/stm32f4xx_hal_rcc_ex.o
 .debug_macro   0x0000000000023da9      0x1d4 ./Drivers/STM32F4xx_HAL_Driver/Src/stm32f4xx_hal_rtc.o
 .debug_macro   0x0000000000023f7d      0x1d4 ./Drivers/STM32F4xx_HAL_Driver/Src/stm32f4xx_hal_uart.o

.debug_line     0x0000000000000000     0xc897
 .debug_line    0x0000000000000000      0x74d ./Core/Src/gpio.o
 .debug_line    0x000000000000074d      0xaad ./Core/Src/main.o
 .debug_line    0x00000000000011fa      0x721 ./Core/Src/rtc.o
 .debug_line    0x000000000000191b      0x6bf ./Core/Src/stm32f4xx_hal_msp.o
 .debug_line    0x0000000000001fda      0x7b2 ./Core/Src/stm32f4xx_it.o
 .debug_line    0x000000000000278c      0x4ef ./Core/Src/sysmem.o
 .debug_line    0x0000000000002c7b      0x741 ./Core/Src/system_stm32f4xx.o
 .debug_line    0x00000000000033bc      0x799 ./Core/Src/usart.o
 .debug_line    0x0000000000003b55       0x88 ./Core/Startup/startup_stm32f429zitx.o
 .debug_line    0x0000000000003bdd      0x9dd ./Drivers/STM32F4xx_HAL_Driver/Src/stm32f4xx_hal.o
 .debug_line    0x00000000000045ba      0xc56 ./Drivers/STM32F4xx_HAL_Driver/Src/stm32f4xx_hal_cortex.o
 .debug_line    0x0000000000005210      0xf0b ./Drivers/STM32F4xx_HAL_Driver/Src/stm32f4xx_hal_dma.o
 .debug_line    0x000000000000611b      0xb43 ./Drivers/STM32F4xx_HAL_Driver/Src/stm32f4xx_hal_gpio.o
 .debug_line    0x0000000000006c5e      0x8d6 ./Drivers/STM32F4xx_HAL_Driver/Src/stm32f4xx_hal_pwr_ex.o
 .debug_line    0x0000000000007534      0xd23 ./Drivers/STM32F4xx_HAL_Driver/Src/stm32f4xx_hal_rcc.o
 .debug_line    0x0000000000008257      0xb78 ./Drivers/STM32F4xx_HAL_Driver/Src/stm32f4xx_hal_rcc_ex.o
 .debug_line    0x0000000000008dcf     0x107c ./Drivers/STM32F4xx_HAL_Driver/Src/stm32f4xx_hal_rtc.o
 .debug_line    0x0000000000009e4b     0x2a4c ./Drivers/STM32F4xx_HAL_Driver/Src/stm32f4xx_hal_uart.o

.debug_str      0x0000000000000000    0xd8460
 .debug_str     0x0000000000000000    0xd1370 ./Core/Src/gpio.o
                                      0xd1603 (size before relaxing)
 .debug_str     0x00000000000d1370     0x45a9 ./Core/Src/main.o
                                      0xd5b5d (size before relaxing)
 .debug_str     0x00000000000d5919      0x30f ./Core/Src/rtc.o
                                      0xd17c8 (size before relaxing)
 .debug_str     0x00000000000d5c28       0x2c ./Core/Src/stm32f4xx_hal_msp.o
                                      0xd1526 (size before relaxing)
 .debug_str     0x00000000000d5c54      0x101 ./Core/Src/stm32f4xx_it.o
                                      0xd193a (size before relaxing)
 .debug_str     0x00000000000d5d55      0x4da ./Core/Src/sysmem.o
                                       0x5de2 (size before relaxing)
 .debug_str     0x00000000000d622f       0xdb ./Core/Src/system_stm32f4xx.o
                                      0xd1115 (size before relaxing)
 .debug_str     0x00000000000d630a      0x5e6 ./Core/Src/usart.o
                                      0xd2039 (size before relaxing)
 .debug_str     0x00000000000d68f0       0x36 ./Core/Startup/startup_stm32f429zitx.o
                                         0x8c (size before relaxing)
 .debug_str     0x00000000000d6926      0x652 ./Drivers/STM32F4xx_HAL_Driver/Src/stm32f4xx_hal.o
                                      0xd1d38 (size before relaxing)
 .debug_str     0x00000000000d6f78      0x328 ./Drivers/STM32F4xx_HAL_Driver/Src/stm32f4xx_hal_cortex.o
                                      0xd1a1d (size before relaxing)
 .debug_str     0x00000000000d72a0      0x328 ./Drivers/STM32F4xx_HAL_Driver/Src/stm32f4xx_hal_dma.o
                                      0xd151c (size before relaxing)
 .debug_str     0x00000000000d75c8      0x121 ./Drivers/STM32F4xx_HAL_Driver/Src/stm32f4xx_hal_gpio.o
                                      0xd1290 (size before relaxing)
 .debug_str     0x00000000000d76e9      0x135 ./Drivers/STM32F4xx_HAL_Driver/Src/stm32f4xx_hal_pwr_ex.o
                                      0xd12ed (size before relaxing)
 .debug_str     0x00000000000d781e      0x233 ./Drivers/STM32F4xx_HAL_Driver/Src/stm32f4xx_hal_rcc.o
                                      0xd1549 (size before relaxing)
 .debug_str     0x00000000000d7a51      0x12b ./Drivers/STM32F4xx_HAL_Driver/Src/stm32f4xx_hal_rcc_ex.o
                                      0xd1310 (size before relaxing)
 .debug_str     0x00000000000d7b7c      0x332 ./Drivers/STM32F4xx_HAL_Driver/Src/stm32f4xx_hal_rtc.o
                                      0xd156c (size before relaxing)
 .debug_str     0x00000000000d7eae      0x5b2 ./Drivers/STM32F4xx_HAL_Driver/Src/stm32f4xx_hal_uart.o
                                      0xd1ad5 (size before relaxing)

.comment        0x0000000000000000       0x50
 .comment       0x0000000000000000       0x50 ./Core/Src/gpio.o
                                         0x51 (size before relaxing)
 .comment       0x0000000000000050       0x51 ./Core/Src/main.o
 .comment       0x0000000000000050       0x51 ./Core/Src/rtc.o
 .comment       0x0000000000000050       0x51 ./Core/Src/stm32f4xx_hal_msp.o
 .comment       0x0000000000000050       0x51 ./Core/Src/stm32f4xx_it.o
 .comment       0x0000000000000050       0x51 ./Core/Src/sysmem.o
 .comment       0x0000000000000050       0x51 ./Core/Src/system_stm32f4xx.o
 .comment       0x0000000000000050       0x51 ./Core/Src/usart.o
 .comment       0x0000000000000050       0x51 ./Drivers/STM32F4xx_HAL_Driver/Src/stm32f4xx_hal.o
 .comment       0x0000000000000050       0x51 ./Drivers/STM32F4xx_HAL_Driver/Src/stm32f4xx_hal_cortex.o
 .comment       0x0000000000000050       0x51 ./Drivers/STM32F4xx_HAL_Driver/Src/stm32f4xx_hal_dma.o
 .comment       0x0000000000000050       0x51 ./Drivers/STM32F4xx_HAL_Driver/Src/stm32f4xx_hal_gpio.o
 .comment       0x0000000000000050       0x51 ./Drivers/STM32F4xx_HAL_Driver/Src/stm32f4xx_hal_pwr_ex.o
 .comment       0x0000000000000050       0x51 ./Drivers/STM32F4xx_HAL_Driver/Src/stm32f4xx_hal_rcc.o
 .comment       0x0000000000000050       0x51 ./Drivers/STM32F4xx_HAL_Driver/Src/stm32f4xx_hal_rcc_ex.o
 .comment       0x0000000000000050       0x51 ./Drivers/STM32F4xx_HAL_Driver/Src/stm32f4xx_hal_rtc.o
 .comment       0x0000000000000050       0x51 ./Drivers/STM32F4xx_HAL_Driver/Src/stm32f4xx_hal_uart.o

.debug_frame    0x0000000000000000     0x26f0
 .debug_frame   0x0000000000000000       0x38 ./Core/Src/gpio.o
 .debug_frame   0x0000000000000038      0x144 ./Core/Src/main.o
 .debug_frame   0x000000000000017c       0x78 ./Core/Src/rtc.o
 .debug_frame   0x00000000000001f4       0x38 ./Core/Src/stm32f4xx_hal_msp.o
 .debug_frame   0x000000000000022c      0x13c ./Core/Src/stm32f4xx_it.o
 .debug_frame   0x0000000000000368       0x34 ./Core/Src/sysmem.o
 .debug_frame   0x000000000000039c       0x58 ./Core/Src/system_stm32f4xx.o
 .debug_frame   0x00000000000003f4       0x90 ./Core/Src/usart.o
 .debug_frame   0x0000000000000484      0x3b4 ./Drivers/STM32F4xx_HAL_Driver/Src/stm32f4xx_hal.o
 .debug_frame   0x0000000000000838      0x498 ./Drivers/STM32F4xx_HAL_Driver/Src/stm32f4xx_hal_cortex.o
 .debug_frame   0x0000000000000cd0      0x250 ./Drivers/STM32F4xx_HAL_Driver/Src/stm32f4xx_hal_dma.o
 .debug_frame   0x0000000000000f20      0x14c ./Drivers/STM32F4xx_HAL_Driver/Src/stm32f4xx_hal_gpio.o
 .debug_frame   0x000000000000106c      0x14c ./Drivers/STM32F4xx_HAL_Driver/Src/stm32f4xx_hal_pwr_ex.o
 .debug_frame   0x00000000000011b8      0x1f4 ./Drivers/STM32F4xx_HAL_Driver/Src/stm32f4xx_hal_rcc.o
 .debug_frame   0x00000000000013ac      0x13c ./Drivers/STM32F4xx_HAL_Driver/Src/stm32f4xx_hal_rcc_ex.o
 .debug_frame   0x00000000000014e8      0x3f4 ./Drivers/STM32F4xx_HAL_Driver/Src/stm32f4xx_hal_rtc.o
 .debug_frame   0x00000000000018dc      0x92c ./Drivers/STM32F4xx_HAL_Driver/Src/stm32f4xx_hal_uart.o
 .debug_frame   0x0000000000002208       0x20 c:/st/stm32cubeide_1.9.0/stm32cubeide/plugins/com.st.stm32cube.ide.mcu.externaltools.gnu-tools-for-stm32.10.3-2021.10.win32_1.0.200.202301161003/tools/bin/../lib/gcc/arm-none-eabi/10.3.1/../../../../arm-none-eabi/lib/thumb/v7e-m+fp/hard\libc_nano.a(lib_a-errno.o)
 .debug_frame   0x0000000000002228       0x2c c:/st/stm32cubeide_1.9.0/stm32cubeide/plugins/com.st.stm32cube.ide.mcu.externaltools.gnu-tools-for-stm32.10.3-2021.10.win32_1.0.200.202301161003/tools/bin/../lib/gcc/arm-none-eabi/10.3.1/../../../../arm-none-eabi/lib/thumb/v7e-m+fp/hard\libc_nano.a(lib_a-init.o)
 .debug_frame   0x0000000000002254       0x20 c:/st/stm32cubeide_1.9.0/stm32cubeide/plugins/com.st.stm32cube.ide.mcu.externaltools.gnu-tools-for-stm32.10.3-2021.10.win32_1.0.200.202301161003/tools/bin/../lib/gcc/arm-none-eabi/10.3.1/../../../../arm-none-eabi/lib/thumb/v7e-m+fp/hard\libc_nano.a(lib_a-memset.o)
 .debug_frame   0x0000000000002274       0x6c c:/st/stm32cubeide_1.9.0/stm32cubeide/plugins/com.st.stm32cube.ide.mcu.externaltools.gnu-tools-for-stm32.10.3-2021.10.win32_1.0.200.202301161003/tools/bin/../lib/gcc/arm-none-eabi/10.3.1/../../../../arm-none-eabi/lib/thumb/v7e-m+fp/hard\libc_nano.a(lib_a-sprintf.o)
 .debug_frame   0x00000000000022e0       0x28 c:/st/stm32cubeide_1.9.0/stm32cubeide/plugins/com.st.stm32cube.ide.mcu.externaltools.gnu-tools-for-stm32.10.3-2021.10.win32_1.0.200.202301161003/tools/bin/../lib/gcc/arm-none-eabi/10.3.1/../../../../arm-none-eabi/lib/thumb/v7e-m+fp/hard\libc_nano.a(lib_a-strncpy.o)
 .debug_frame   0x0000000000002308       0x90 c:/st/stm32cubeide_1.9.0/stm32cubeide/plugins/com.st.stm32cube.ide.mcu.externaltools.gnu-tools-for-stm32.10.3-2021.10.win32_1.0.200.202301161003/tools/bin/../lib/gcc/arm-none-eabi/10.3.1/../../../../arm-none-eabi/lib/thumb/v7e-m+fp/hard\libc_nano.a(lib_a-nano-svfprintf.o)
 .debug_frame   0x0000000000002398       0x60 c:/st/stm32cubeide_1.9.0/stm32cubeide/plugins/com.st.stm32cube.ide.mcu.externaltools.gnu-tools-for-stm32.10.3-2021.10.win32_1.0.200.202301161003/tools/bin/../lib/gcc/arm-none-eabi/10.3.1/../../../../arm-none-eabi/lib/thumb/v7e-m+fp/hard\libc_nano.a(lib_a-nano-vfprintf_i.o)
 .debug_frame   0x00000000000023f8       0x28 c:/st/stm32cubeide_1.9.0/stm32cubeide/plugins/com.st.stm32cube.ide.mcu.externaltools.gnu-tools-for-stm32.10.3-2021.10.win32_1.0.200.202301161003/tools/bin/../lib/gcc/arm-none-eabi/10.3.1/../../../../arm-none-eabi/lib/thumb/v7e-m+fp/hard\libc_nano.a(lib_a-memcpy-stub.o)
 .debug_frame   0x0000000000002420       0x28 c:/st/stm32cubeide_1.9.0/stm32cubeide/plugins/com.st.stm32cube.ide.mcu.externaltools.gnu-tools-for-stm32.10.3-2021.10.win32_1.0.200.202301161003/tools/bin/../lib/gcc/arm-none-eabi/10.3.1/../../../../arm-none-eabi/lib/thumb/v7e-m+fp/hard\libc_nano.a(lib_a-memmove.o)
 .debug_frame   0x0000000000002448       0x38 c:/st/stm32cubeide_1.9.0/stm32cubeide/plugins/com.st.stm32cube.ide.mcu.externaltools.gnu-tools-for-stm32.10.3-2021.10.win32_1.0.200.202301161003/tools/bin/../lib/gcc/arm-none-eabi/10.3.1/../../../../arm-none-eabi/lib/thumb/v7e-m+fp/hard\libc_nano.a(lib_a-nano-freer.o)
 .debug_frame   0x0000000000002480       0x4c c:/st/stm32cubeide_1.9.0/stm32cubeide/plugins/com.st.stm32cube.ide.mcu.externaltools.gnu-tools-for-stm32.10.3-2021.10.win32_1.0.200.202301161003/tools/bin/../lib/gcc/arm-none-eabi/10.3.1/../../../../arm-none-eabi/lib/thumb/v7e-m+fp/hard\libc_nano.a(lib_a-nano-mallocr.o)
 .debug_frame   0x00000000000024cc       0x3c c:/st/stm32cubeide_1.9.0/stm32cubeide/plugins/com.st.stm32cube.ide.mcu.externaltools.gnu-tools-for-stm32.10.3-2021.10.win32_1.0.200.202301161003/tools/bin/../lib/gcc/arm-none-eabi/10.3.1/../../../../arm-none-eabi/lib/thumb/v7e-m+fp/hard\libc_nano.a(lib_a-nano-reallocr.o)
 .debug_frame   0x0000000000002508       0x2c c:/st/stm32cubeide_1.9.0/stm32cubeide/plugins/com.st.stm32cube.ide.mcu.externaltools.gnu-tools-for-stm32.10.3-2021.10.win32_1.0.200.202301161003/tools/bin/../lib/gcc/arm-none-eabi/10.3.1/../../../../arm-none-eabi/lib/thumb/v7e-m+fp/hard\libc_nano.a(lib_a-sbrkr.o)
 .debug_frame   0x0000000000002534       0x30 c:/st/stm32cubeide_1.9.0/stm32cubeide/plugins/com.st.stm32cube.ide.mcu.externaltools.gnu-tools-for-stm32.10.3-2021.10.win32_1.0.200.202301161003/tools/bin/../lib/gcc/arm-none-eabi/10.3.1/../../../../arm-none-eabi/lib/thumb/v7e-m+fp/hard\libc_nano.a(lib_a-mlock.o)
 .debug_frame   0x0000000000002564       0x20 c:/st/stm32cubeide_1.9.0/stm32cubeide/plugins/com.st.stm32cube.ide.mcu.externaltools.gnu-tools-for-stm32.10.3-2021.10.win32_1.0.200.202301161003/tools/bin/../lib/gcc/arm-none-eabi/10.3.1/../../../../arm-none-eabi/lib/thumb/v7e-m+fp/hard\libc_nano.a(lib_a-nano-msizer.o)
 .debug_frame   0x0000000000002584       0x5c c:/st/stm32cubeide_1.9.0/stm32cubeide/plugins/com.st.stm32cube.ide.mcu.externaltools.gnu-tools-for-stm32.10.3-2021.10.win32_1.0.200.202301161003/tools/bin/../lib/gcc/arm-none-eabi/10.3.1/../../../../arm-none-eabi/lib/thumb/v7e-m+fp/hard\libc_nano.a(lib_a-reent.o)
 .debug_frame   0x00000000000025e0       0xb0 c:/st/stm32cubeide_1.9.0/stm32cubeide/plugins/com.st.stm32cube.ide.mcu.externaltools.gnu-tools-for-stm32.10.3-2021.10.win32_1.0.200.202301161003/tools/bin/../lib/gcc/arm-none-eabi/10.3.1/../../../../arm-none-eabi/lib/thumb/v7e-m+fp/hard\libc_nano.a(lib_a-lock.o)
 .debug_frame   0x0000000000002690       0x2c c:/st/stm32cubeide_1.9.0/stm32cubeide/plugins/com.st.stm32cube.ide.mcu.externaltools.gnu-tools-for-stm32.10.3-2021.10.win32_1.0.200.202301161003/tools/bin/../lib/gcc/arm-none-eabi/10.3.1/thumb/v7e-m+fp/hard\libgcc.a(_aeabi_uldivmod.o)
 .debug_frame   0x00000000000026bc       0x34 c:/st/stm32cubeide_1.9.0/stm32cubeide/plugins/com.st.stm32cube.ide.mcu.externaltools.gnu-tools-for-stm32.10.3-2021.10.win32_1.0.200.202301161003/tools/bin/../lib/gcc/arm-none-eabi/10.3.1/thumb/v7e-m+fp/hard\libgcc.a(_udivmoddi4.o)
